Archive member included to satisfy reference by file (symbol)

.\CortexM3\ARM_GCC_541\Debug\Final.a(PWM_1.o)
                              .\CortexM3\ARM_GCC_541\Debug\main.o (PWM_1_WriteCompare)
.\CortexM3\ARM_GCC_541\Debug\Final.a(UART_1.o)
                              .\CortexM3\ARM_GCC_541\Debug\main.o (UART_1_Start)
.\CortexM3\ARM_GCC_541\Debug\Final.a(PWM.o)
                              .\CortexM3\ARM_GCC_541\Debug\main.o (PWM_WriteCompare)
.\CortexM3\ARM_GCC_541\Debug\Final.a(Timer.o)
                              .\CortexM3\ARM_GCC_541\Debug\main.o (Timer_ReadStatusRegister)
.\CortexM3\ARM_GCC_541\Debug\Final.a(HE_Interrupt.o)
                              .\CortexM3\ARM_GCC_541\Debug\main.o (HE_Interrupt_SetVector)
.\CortexM3\ARM_GCC_541\Debug\Final.a(UART_1_IntClock.o)
                              .\CortexM3\ARM_GCC_541\Debug\Final.a(UART_1.o) (UART_1_IntClock_Start)
.\CortexM3\ARM_GCC_541\Debug\Final.a(CyLib.o)
                              .\CortexM3\ARM_GCC_541\Debug\Cm3Start.o (CyHalt)
.\CortexM3\ARM_GCC_541\Debug\Final.a(cyPm.o)
                              .\CortexM3\ARM_GCC_541\Debug\Final.a(CyLib.o) (CyPmReadStatus)
.\CortexM3\ARM_GCC_541\Debug\Final.a(UART_2.o)
                              .\CortexM3\ARM_GCC_541\Debug\main.o (UART_2_Start)
.\CortexM3\ARM_GCC_541\Debug\Final.a(UART_2_IntClock.o)
                              .\CortexM3\ARM_GCC_541\Debug\Final.a(UART_2.o) (UART_2_IntClock_Start)
.\CortexM3\ARM_GCC_541\Debug\Final.a(UART_3.o)
                              .\CortexM3\ARM_GCC_541\Debug\main.o (UART_3_Start)
.\CortexM3\ARM_GCC_541\Debug\Final.a(UART_4.o)
                              .\CortexM3\ARM_GCC_541\Debug\main.o (UART_4_Start)
.\CortexM3\ARM_GCC_541\Debug\Final.a(UART_3_IntClock.o)
                              .\CortexM3\ARM_GCC_541\Debug\Final.a(UART_3.o) (UART_3_IntClock_Start)
.\CortexM3\ARM_GCC_541\Debug\Final.a(UART_4_IntClock.o)
                              .\CortexM3\ARM_GCC_541\Debug\Final.a(UART_4.o) (UART_4_IntClock_Start)
.\CortexM3\ARM_GCC_541\Debug\Final.a(P_front_left.o)
                              .\CortexM3\ARM_GCC_541\Debug\main.o (P_front_left_Read)
.\CortexM3\ARM_GCC_541\Debug\Final.a(P_left_1.o)
                              .\CortexM3\ARM_GCC_541\Debug\main.o (P_left_1_Read)
.\CortexM3\ARM_GCC_541\Debug\Final.a(P_left_2.o)
                              .\CortexM3\ARM_GCC_541\Debug\main.o (P_left_2_Read)
.\CortexM3\ARM_GCC_541\Debug\Final.a(P_right_2.o)
                              .\CortexM3\ARM_GCC_541\Debug\main.o (P_right_2_Read)
.\CortexM3\ARM_GCC_541\Debug\Final.a(P_right_1.o)
                              .\CortexM3\ARM_GCC_541\Debug\main.o (P_right_1_Read)
.\CortexM3\ARM_GCC_541\Debug\Final.a(P_front_right.o)
                              .\CortexM3\ARM_GCC_541\Debug\main.o (P_front_right_Read)
.\CortexM3\ARM_GCC_541\Debug\Final.a(front_interrupt.o)
                              .\CortexM3\ARM_GCC_541\Debug\main.o (front_interrupt_SetVector)
.\CortexM3\ARM_GCC_541\Debug\Final.a(front_left_interrupt.o)
                              .\CortexM3\ARM_GCC_541\Debug\main.o (front_left_interrupt_SetVector)
.\CortexM3\ARM_GCC_541\Debug\Final.a(front_right_interrupt.o)
                              .\CortexM3\ARM_GCC_541\Debug\main.o (front_right_interrupt_SetVector)
.\CortexM3\ARM_GCC_541\Debug\Final.a(turn_interrupt.o)
                              .\CortexM3\ARM_GCC_541\Debug\main.o (turn_interrupt_Start)
.\CortexM3\ARM_GCC_541\Debug\Final.a(MODE.o)
                              .\CortexM3\ARM_GCC_541\Debug\main.o (MODE_Write)
.\CortexM3\ARM_GCC_541\Debug\Final.a(STOP.o)
                              .\CortexM3\ARM_GCC_541\Debug\main.o (STOP_Write)
.\CortexM3\ARM_GCC_541\Debug\Final.a(LED.o)
                              .\CortexM3\ARM_GCC_541\Debug\main.o (LED_Write)
.\CortexM3\ARM_GCC_541\Debug\Final.a(CyBootAsmGnu.o)
                              .\CortexM3\ARM_GCC_541\Debug\cyfitter_cfg.o (CyDelayCycles)
.\CortexM3\ARM_GCC_541\Debug\Final.a(CyFlash.o)
                              .\CortexM3\ARM_GCC_541\Debug\Final.a(cyPm.o) (CyFlash_SetWaitCycles)
.\CortexM3\ARM_GCC_541\Debug\Final.a(CySpc.o)
                              .\CortexM3\ARM_GCC_541\Debug\Final.a(CyFlash.o) (CySpcStart)
c:/program files (x86)/cypress/psoc creator/4.4/psoc creator/import/gnu/arm/5.4.1/bin/../lib/gcc/arm-none-eabi/5.4.1/armv7-m\libgcc.a(_arm_addsubdf3.o)
                              .\CortexM3\ARM_GCC_541\Debug\main.o (__aeabi_dsub)
c:/program files (x86)/cypress/psoc creator/4.4/psoc creator/import/gnu/arm/5.4.1/bin/../lib/gcc/arm-none-eabi/5.4.1/armv7-m\libgcc.a(_arm_muldivdf3.o)
                              .\CortexM3\ARM_GCC_541\Debug\main.o (__aeabi_dmul)
c:/program files (x86)/cypress/psoc creator/4.4/psoc creator/import/gnu/arm/5.4.1/bin/../lib/gcc/arm-none-eabi/5.4.1/armv7-m\libgcc.a(_arm_cmpdf2.o)
                              .\CortexM3\ARM_GCC_541\Debug\main.o (__aeabi_dcmplt)
[...]
Memory Configuration

Name             Origin             Length             Attributes
rom              0x00000000         0x00040000         xr
ram              0x1fff8000         0x00010000         xrw
*default*        0x00000000         0xffffffff

Linker script and memory map

LOAD c:/program files (x86)/cypress/psoc creator/4.4/psoc creator/import/gnu/arm/5.4.1/bin/../lib/gcc/arm-none-eabi/5.4.1/armv7-m/crti.o
LOAD c:/program files (x86)/cypress/psoc creator/4.4/psoc creator/import/gnu/arm/5.4.1/bin/../lib/gcc/arm-none-eabi/5.4.1/armv7-m/crtbegin.o
LOAD c:/program files (x86)/cypress/psoc creator/4.4/psoc creator/import/gnu/arm/5.4.1/bin/../lib/gcc/arm-none-eabi/5.4.1/../../../../arm-none-eabi/lib/armv7-m/crt0.o
START GROUP
LOAD .\CortexM3\ARM_GCC_541\Debug\main.o
LOAD .\CortexM3\ARM_GCC_541\Debug\cyfitter_cfg.o
LOAD .\CortexM3\ARM_GCC_541\Debug\cymetadata.o
LOAD .\CortexM3\ARM_GCC_541\Debug\Cm3Start.o
LOAD .\CortexM3\ARM_GCC_541\Debug\Final.a
LOAD C:\Program Files (x86)\Cypress\PSoC Creator\4.4\PSoC Creator\psoc\content\cycomponentlibrary\CyComponentLibrary.cylib\CortexM3\ARM_GCC_541\Debug\CyComponentLibrary.a
END GROUP
START GROUP
LOAD c:/program files (x86)/cypress/psoc creator/4.4/psoc creator/import/gnu/arm/5.4.1/bin/../lib/gcc/arm-none-eabi/5.4.1/armv7-m\libgcc.a
LOAD c:/program files (x86)/cypress/psoc creator/4.4/psoc creator/import/gnu/arm/5.4.1/bin/../lib/gcc/arm-none-eabi/5.4.1/../../../../arm-none-eabi/lib/armv7-m\libg_nano.a
LOAD c:/program files (x86)/cypress/psoc creator/4.4/psoc creator/import/gnu/arm/5.4.1/bin/../lib/gcc/arm-none-eabi/5.4.1/../../../../arm-none-eabi/lib/armv7-m\libc_nano.a
END GROUP
START GROUP
LOAD c:/program files (x86)/cypress/psoc creator/4.4/psoc creator/import/gnu/arm/5.4.1/bin/../lib/gcc/arm-none-eabi/5.4.1/armv7-m\libgcc.a
LOAD c:/program files (x86)/cypress/psoc creator/4.4/psoc creator/import/gnu/arm/5.4.1/bin/../lib/gcc/arm-none-eabi/5.4.1/../../../../arm-none-eabi/lib/armv7-m\libc_nano.a
END GROUP
LOAD c:/program files (x86)/cypress/psoc creator/4.4/psoc creator/import/gnu/arm/5.4.1/bin/../lib/gcc/arm-none-eabi/5.4.1/armv7-m/crtend.o
LOAD c:/program files (x86)/cypress/psoc creator/4.4/psoc creator/import/gnu/arm/5.4.1/bin/../lib/gcc/arm-none-eabi/5.4.1/armv7-m/crtn.o
START GROUP
LOAD c:/program files (x86)/cypress/psoc creator/4.4/psoc creator/import/gnu/arm/5.4.1/bin/../lib/gcc/arm-none-eabi/5.4.1/armv7-m\libgcc.a
LOAD c:/program files (x86)/cypress/psoc creator/4.4/psoc creator/import/gnu/arm/5.4.1/bin/../lib/gcc/arm-none-eabi/5.4.1/../../../../arm-none-eabi/lib/armv7-m\libc.a
LOAD c:/program files (x86)/cypress/psoc creator/4.4/psoc creator/import/gnu/arm/5.4.1/bin/../lib/gcc/arm-none-eabi/5.4.1/../../../../arm-none-eabi/lib/armv7-m\libnosys.a
END GROUP
                0x00000000                CY_APPL_ORIGIN = 0x0
                0x00000100                CY_FLASH_ROW_SIZE = 0x100
                0x00000020                CY_ECC_ROW_SIZE = 0x20
                0x00000000                CY_EE_IN_BTLDR = 0x0
                0x00000000                CY_APPL_LOADABLE = 0x0
                0x00000800                CY_EE_SIZE = 0x800
                0x00000001                CY_APPL_NUM = 0x1
                0x00000001                CY_APPL_MAX = 0x1
                0x00000040                CY_METADATA_SIZE = 0x40
                0x00000000                CY_APPL_LOADABLE = 0x0
                0x00000000                CY_CHECKSUM_EXCLUDE_SIZE = ALIGN (0x0, CY_FLASH_ROW_SIZE)
                [!provide]                PROVIDE (__cy_heap_start, _end)
                0x00000001                PROVIDE (__cy_region_num, ((__cy_regions_end - __cy_regions) / 0x10))
                0x20008000                PROVIDE (__cy_stack, (ORIGIN (ram) + LENGTH (ram)))
                [!provide]                PROVIDE (__cy_heap_end, (__cy_stack - 0x800))

.cybootloader   0x00000000        0x0
 *(.cybootloader)
                0x00000000                appl1_start = CY_APPL_ORIGIN?CY_APPL_ORIGIN:ALIGN (CY_FLASH_ROW_SIZE)
                0x0001ff00                appl2_start = (appl1_start + ALIGN ((((LENGTH (rom) - appl1_start) - (0x2 * CY_FLASH_ROW_SIZE)) / 0x2), CY_FLASH_ROW_SIZE))
                0x00000000                appl_start = (CY_APPL_NUM == 0x1)?appl1_start:appl2_start
                0x00000000                ecc_offset = ((appl_start / CY_FLASH_ROW_SIZE) * CY_ECC_ROW_SIZE)
                0x00000000                ee_offset = (CY_APPL_LOADABLE && ! (CY_EE_IN_BTLDR))?((CY_EE_SIZE / CY_APPL_MAX) * (CY_APPL_NUM - 0x1)):0x0
                0x00000800                ee_size = (CY_APPL_LOADABLE && ! (CY_EE_IN_BTLDR))?(CY_EE_SIZE / CY_APPL_MAX):CY_EE_SIZE
                [!provide]                PROVIDE (CY_ECC_OFFSET, ecc_offset)

.text           0x00000000     0x4c50
 CREATE_OBJECT_SYMBOLS
                0x00000000                PROVIDE (__cy_interrupt_vector, RomVectors)
 *(.romvectors)
 .romvectors    0x00000000       0x10 .\CortexM3\ARM_GCC_541\Debug\Cm3Start.o
                0x00000000                RomVectors
                0x00000001                ASSERT ((. != __cy_interrupt_vector), No interrupt vector)
                0x00000001                ASSERT (CY_APPL_ORIGIN?(SIZEOF (.cybootloader) <= CY_APPL_ORIGIN):0x1, Wrong image location)
                0x00000010                PROVIDE (__cy_reset, Reset)
 *(.text.Reset)
 .text.Reset    0x00000010       0x18 .\CortexM3\ARM_GCC_541\Debug\Cm3Start.o
                0x00000010                Reset
                0x00000001                ASSERT ((. != __cy_reset), No reset code)
 *(.dma_init)
                0x00000001                ASSERT ((((appl_start + .) <= 0x10000) || 0x1), DMA Init must be within the first 64k of flash)
 *(.text .text.* .gnu.linkonce.t.*)
 .text          0x00000028       0x5c c:/program files (x86)/cypress/psoc creator/4.4/psoc creator/import/gnu/arm/5.4.1/bin/../lib/gcc/arm-none-eabi/5.4.1/armv7-m/crtbegin.o
 .text.inter_1  0x00000084      0x140 .\CortexM3\ARM_GCC_541\Debug\main.o
                0x00000084                inter_1
 .text.inter_2  0x000001c4      0x1c0 .\CortexM3\ARM_GCC_541\Debug\main.o
                0x000001c4                inter_2
 .text.chaseMode
                0x00000384      0x35c .\CortexM3\ARM_GCC_541\Debug\main.o
                0x00000384                chaseMode
 .text.fleeMode
                0x000006e0      0x208 .\CortexM3\ARM_GCC_541\Debug\main.o
                0x000006e0                fleeMode
 .text.performEvasiveManeuver
                0x000008e8       0xd0 .\CortexM3\ARM_GCC_541\Debug\main.o
                0x000008e8                performEvasiveManeuver
 .text.main     0x000009b8       0x84 .\CortexM3\ARM_GCC_541\Debug\main.o
                0x000009b8                main
 .text.CyClockStartupError
                0x00000a3c        0x4 .\CortexM3\ARM_GCC_541\Debug\cyfitter_cfg.o
 .text.cfg_write_bytes32
                0x00000a40       0x34 .\CortexM3\ARM_GCC_541\Debug\cyfitter_cfg.o
 .text.AnalogSetDefault
                0x00000a74       0x28 .\CortexM3\ARM_GCC_541\Debug\cyfitter_cfg.o
 .text.CYMEMZERO
                0x00000a9c        0xc .\CortexM3\ARM_GCC_541\Debug\cyfitter_cfg.o
 .text.ClockSetup
                0x00000aa8       0xfc .\CortexM3\ARM_GCC_541\Debug\cyfitter_cfg.o
 .text.CYCONFIGCPY
                0x00000ba4        0x8 .\CortexM3\ARM_GCC_541\Debug\cyfitter_cfg.o
 .text.cyfitter_cfg
                0x00000bac      0x158 .\CortexM3\ARM_GCC_541\Debug\cyfitter_cfg.o
                0x00000bac                cyfitter_cfg
 .text.IntDefaultHandler
                0x00000d04       0x10 .\CortexM3\ARM_GCC_541\Debug\Cm3Start.o
                0x00000d04                IntDefaultHandler
 .text._sbrk    0x00000d14       0x30 .\CortexM3\ARM_GCC_541\Debug\Cm3Start.o
                0x00000d14                _sbrk
 .text.Start_c  0x00000d44       0x4c .\CortexM3\ARM_GCC_541\Debug\Cm3Start.o
                0x00000d44                Start_c
 .text.initialize_psoc
                0x00000d90       0x68 .\CortexM3\ARM_GCC_541\Debug\Cm3Start.o
                0x00000d90                initialize_psoc
 .text.PWM_1_Enable
                0x00000df8       0x10 .\CortexM3\ARM_GCC_541\Debug\Final.a(PWM_1.o)
                0x00000df8                PWM_1_Enable
 .text.PWM_1_WriteCounter
                0x00000e08        0xc .\CortexM3\ARM_GCC_541\Debug\Final.a(PWM_1.o)
                0x00000e08                PWM_1_WriteCounter
 .text.PWM_1_WritePeriod
                0x00000e14        0xc .\CortexM3\ARM_GCC_541\Debug\Final.a(PWM_1.o)
                0x00000e14                PWM_1_WritePeriod
 .text.PWM_1_WriteCompare
                0x00000e20        0xc .\CortexM3\ARM_GCC_541\Debug\Final.a(PWM_1.o)
                0x00000e20                PWM_1_WriteCompare
 .text.PWM_1_SetInterruptMode
                0x00000e2c        0xc .\CortexM3\ARM_GCC_541\Debug\Final.a(PWM_1.o)
                0x00000e2c                PWM_1_SetInterruptMode
 .text.PWM_1_ReadStatusRegister
                0x00000e38        0xc .\CortexM3\ARM_GCC_541\Debug\Final.a(PWM_1.o)
                0x00000e38                PWM_1_ReadStatusRegister
 .text.PWM_1_ReadCapture
                0x00000e44        0xc .\CortexM3\ARM_GCC_541\Debug\Final.a(PWM_1.o)
                0x00000e44                PWM_1_ReadCapture
 .text.PWM_1_ClearFIFO
                0x00000e50       0x14 .\CortexM3\ARM_GCC_541\Debug\Final.a(PWM_1.o)
                0x00000e50                PWM_1_ClearFIFO
 .text.PWM_1_Init
                0x00000e64       0x50 .\CortexM3\ARM_GCC_541\Debug\Final.a(PWM_1.o)
                0x00000e64                PWM_1_Init
 .text.PWM_1_Start
                0x00000eb4       0x1c .\CortexM3\ARM_GCC_541\Debug\Final.a(PWM_1.o)
                0x00000eb4                PWM_1_Start
 .text.UART_1_Init
                0x00000ed0       0x24 .\CortexM3\ARM_GCC_541\Debug\Final.a(UART_1.o)
                0x00000ed0                UART_1_Init
 .text.UART_1_Enable
                0x00000ef4       0x38 .\CortexM3\ARM_GCC_541\Debug\Final.a(UART_1.o)
                0x00000ef4                UART_1_Enable
 .text.UART_1_Start
                0x00000f2c       0x1c .\CortexM3\ARM_GCC_541\Debug\Final.a(UART_1.o)
                0x00000f2c                UART_1_Start
 .text.UART_1_GetChar
                0x00000f48       0x2c .\CortexM3\ARM_GCC_541\Debug\Final.a(UART_1.o)
                0x00000f48                UART_1_GetChar
 .text.UART_1_GetRxBufferSize
                0x00000f74       0x18 .\CortexM3\ARM_GCC_541\Debug\Final.a(UART_1.o)
                0x00000f74                UART_1_GetRxBufferSize
 .text.UART_1_PutChar
                0x00000f8c       0x18 .\CortexM3\ARM_GCC_541\Debug\Final.a(UART_1.o)
                0x00000f8c                UART_1_PutChar
 .text.UART_1_PutString
                0x00000fa4       0x24 .\CortexM3\ARM_GCC_541\Debug\Final.a(UART_1.o)
                0x00000fa4                UART_1_PutString
 .text.PWM_Enable
                0x00000fc8       0x10 .\CortexM3\ARM_GCC_541\Debug\Final.a(PWM.o)
                0x00000fc8                PWM_Enable
 .text.PWM_WriteCounter
                0x00000fd8        0xc .\CortexM3\ARM_GCC_541\Debug\Final.a(PWM.o)
                0x00000fd8                PWM_WriteCounter
 .text.PWM_WritePeriod
                0x00000fe4        0xc .\CortexM3\ARM_GCC_541\Debug\Final.a(PWM.o)
                0x00000fe4                PWM_WritePeriod
 .text.PWM_WriteCompare
                0x00000ff0        0xc .\CortexM3\ARM_GCC_541\Debug\Final.a(PWM.o)
                0x00000ff0                PWM_WriteCompare
 .text.PWM_SetInterruptMode
                0x00000ffc        0xc .\CortexM3\ARM_GCC_541\Debug\Final.a(PWM.o)
                0x00000ffc                PWM_SetInterruptMode
 .text.PWM_ReadStatusRegister
                0x00001008        0xc .\CortexM3\ARM_GCC_541\Debug\Final.a(PWM.o)
                0x00001008                PWM_ReadStatusRegister
 .text.PWM_ReadCapture
                0x00001014        0xc .\CortexM3\ARM_GCC_541\Debug\Final.a(PWM.o)
                0x00001014                PWM_ReadCapture
 .text.PWM_ClearFIFO
                0x00001020       0x14 .\CortexM3\ARM_GCC_541\Debug\Final.a(PWM.o)
                0x00001020                PWM_ClearFIFO
 .text.PWM_Init
                0x00001034       0x54 .\CortexM3\ARM_GCC_541\Debug\Final.a(PWM.o)
                0x00001034                PWM_Init
 .text.PWM_Start
                0x00001088       0x1c .\CortexM3\ARM_GCC_541\Debug\Final.a(PWM.o)
                0x00001088                PWM_Start
 .text.Timer_Enable
                0x000010a4       0x10 .\CortexM3\ARM_GCC_541\Debug\Final.a(Timer.o)
                0x000010a4                Timer_Enable
 .text.Timer_SetInterruptMode
                0x000010b4        0xc .\CortexM3\ARM_GCC_541\Debug\Final.a(Timer.o)
                0x000010b4                Timer_SetInterruptMode
 .text.Timer_ReadStatusRegister
                0x000010c0        0xc .\CortexM3\ARM_GCC_541\Debug\Final.a(Timer.o)
                0x000010c0                Timer_ReadStatusRegister
 .text.Timer_WritePeriod
                0x000010cc        0xc .\CortexM3\ARM_GCC_541\Debug\Final.a(Timer.o)
                0x000010cc                Timer_WritePeriod
 .text.Timer_ReadCapture
                0x000010d8        0xc .\CortexM3\ARM_GCC_541\Debug\Final.a(Timer.o)
                0x000010d8                Timer_ReadCapture
 .text.Timer_WriteCounter
                0x000010e4        0xc .\CortexM3\ARM_GCC_541\Debug\Final.a(Timer.o)
                0x000010e4                Timer_WriteCounter
 .text.Timer_SetInterruptCount
                0x000010f0       0x1c .\CortexM3\ARM_GCC_541\Debug\Final.a(Timer.o)
                0x000010f0                Timer_SetInterruptCount
 .text.Timer_ClearFIFO
                0x0000110c       0x14 .\CortexM3\ARM_GCC_541\Debug\Final.a(Timer.o)
                0x0000110c                Timer_ClearFIFO
 .text.Timer_Init
                0x00001120       0x3c .\CortexM3\ARM_GCC_541\Debug\Final.a(Timer.o)
                0x00001120                Timer_Init
 .text.Timer_Start
                0x0000115c       0x1c .\CortexM3\ARM_GCC_541\Debug\Final.a(Timer.o)
                0x0000115c                Timer_Start
 .text.HE_Interrupt_Interrupt
                0x00001178        0x4 .\CortexM3\ARM_GCC_541\Debug\Final.a(HE_Interrupt.o)
                0x00001178                HE_Interrupt_Interrupt
 .text.HE_Interrupt_SetVector
                0x0000117c        0xc .\CortexM3\ARM_GCC_541\Debug\Final.a(HE_Interrupt.o)
                0x0000117c                HE_Interrupt_SetVector
 .text.HE_Interrupt_SetPriority
                0x00001188       0x10 .\CortexM3\ARM_GCC_541\Debug\Final.a(HE_Interrupt.o)
                0x00001188                HE_Interrupt_SetPriority
 .text.HE_Interrupt_Enable
                0x00001198        0xc .\CortexM3\ARM_GCC_541\Debug\Final.a(HE_Interrupt.o)
                0x00001198                HE_Interrupt_Enable
 .text.HE_Interrupt_Disable
                0x000011a4        0xc .\CortexM3\ARM_GCC_541\Debug\Final.a(HE_Interrupt.o)
                0x000011a4                HE_Interrupt_Disable
 .text.HE_Interrupt_Start
                0x000011b0       0x1c .\CortexM3\ARM_GCC_541\Debug\Final.a(HE_Interrupt.o)
                0x000011b0                HE_Interrupt_Start
 .text.UART_1_IntClock_Start
                0x000011cc       0x1c .\CortexM3\ARM_GCC_541\Debug\Final.a(UART_1_IntClock.o)
                0x000011cc                UART_1_IntClock_Start
 .text.CyDelay  0x000011e8       0x2c .\CortexM3\ARM_GCC_541\Debug\Final.a(CyLib.o)
                0x000011e8                CyDelay
 .text.UART_2_Init
                0x00001214       0x28 .\CortexM3\ARM_GCC_541\Debug\Final.a(UART_2.o)
                0x00001214                UART_2_Init
 .text.UART_2_Enable
                0x0000123c       0x38 .\CortexM3\ARM_GCC_541\Debug\Final.a(UART_2.o)
                0x0000123c                UART_2_Enable
 .text.UART_2_Start
                0x00001274       0x1c .\CortexM3\ARM_GCC_541\Debug\Final.a(UART_2.o)
                0x00001274                UART_2_Start
 .text.UART_2_GetChar
                0x00001290       0x2c .\CortexM3\ARM_GCC_541\Debug\Final.a(UART_2.o)
                0x00001290                UART_2_GetChar
 .text.UART_2_GetRxBufferSize
                0x000012bc       0x18 .\CortexM3\ARM_GCC_541\Debug\Final.a(UART_2.o)
                0x000012bc                UART_2_GetRxBufferSize
 .text.UART_2_IntClock_Start
                0x000012d4       0x1c .\CortexM3\ARM_GCC_541\Debug\Final.a(UART_2_IntClock.o)
                0x000012d4                UART_2_IntClock_Start
 .text.UART_3_Init
                0x000012f0       0x28 .\CortexM3\ARM_GCC_541\Debug\Final.a(UART_3.o)
                0x000012f0                UART_3_Init
 .text.UART_3_Enable
                0x00001318       0x38 .\CortexM3\ARM_GCC_541\Debug\Final.a(UART_3.o)
                0x00001318                UART_3_Enable
 .text.UART_3_Start
                0x00001350       0x1c .\CortexM3\ARM_GCC_541\Debug\Final.a(UART_3.o)
                0x00001350                UART_3_Start
 .text.UART_3_GetChar
                0x0000136c       0x2c .\CortexM3\ARM_GCC_541\Debug\Final.a(UART_3.o)
                0x0000136c                UART_3_GetChar
 .text.UART_3_GetRxBufferSize
                0x00001398       0x18 .\CortexM3\ARM_GCC_541\Debug\Final.a(UART_3.o)
                0x00001398                UART_3_GetRxBufferSize
 .text.UART_4_Init
                0x000013b0       0x28 .\CortexM3\ARM_GCC_541\Debug\Final.a(UART_4.o)
                0x000013b0                UART_4_Init
 .text.UART_4_Enable
                0x000013d8       0x38 .\CortexM3\ARM_GCC_541\Debug\Final.a(UART_4.o)
                0x000013d8                UART_4_Enable
 .text.UART_4_Start
                0x00001410       0x1c .\CortexM3\ARM_GCC_541\Debug\Final.a(UART_4.o)
                0x00001410                UART_4_Start
 .text.UART_4_GetChar
                0x0000142c       0x2c .\CortexM3\ARM_GCC_541\Debug\Final.a(UART_4.o)
                0x0000142c                UART_4_GetChar
 .text.UART_4_GetRxBufferSize
                0x00001458       0x18 .\CortexM3\ARM_GCC_541\Debug\Final.a(UART_4.o)
                0x00001458                UART_4_GetRxBufferSize
 .text.UART_3_IntClock_Start
                0x00001470       0x1c .\CortexM3\ARM_GCC_541\Debug\Final.a(UART_3_IntClock.o)
                0x00001470                UART_3_IntClock_Start
 .text.UART_4_IntClock_Start
                0x0000148c       0x1c .\CortexM3\ARM_GCC_541\Debug\Final.a(UART_4_IntClock.o)
                0x0000148c                UART_4_IntClock_Start
 .text.P_front_left_Read
                0x000014a8        0xc .\CortexM3\ARM_GCC_541\Debug\Final.a(P_front_left.o)
                0x000014a8                P_front_left_Read
 .text.P_left_1_Read
                0x000014b4       0x10 .\CortexM3\ARM_GCC_541\Debug\Final.a(P_left_1.o)
                0x000014b4                P_left_1_Read
 .text.P_left_2_Read
                0x000014c4       0x10 .\CortexM3\ARM_GCC_541\Debug\Final.a(P_left_2.o)
                0x000014c4                P_left_2_Read
 .text.P_right_2_Read
                0x000014d4       0x10 .\CortexM3\ARM_GCC_541\Debug\Final.a(P_right_2.o)
                0x000014d4                P_right_2_Read
 .text.P_right_1_Read
                0x000014e4       0x10 .\CortexM3\ARM_GCC_541\Debug\Final.a(P_right_1.o)
                0x000014e4                P_right_1_Read
 .text.P_front_right_Read
                0x000014f4        0xc .\CortexM3\ARM_GCC_541\Debug\Final.a(P_front_right.o)
                0x000014f4                P_front_right_Read
 .text.front_interrupt_Interrupt
                0x00001500        0x4 .\CortexM3\ARM_GCC_541\Debug\Final.a(front_interrupt.o)
                0x00001500                front_interrupt_Interrupt
 .text.front_interrupt_SetVector
                0x00001504        0xc .\CortexM3\ARM_GCC_541\Debug\Final.a(front_interrupt.o)
                0x00001504                front_interrupt_SetVector
 .text.front_interrupt_SetPriority
                0x00001510       0x10 .\CortexM3\ARM_GCC_541\Debug\Final.a(front_interrupt.o)
                0x00001510                front_interrupt_SetPriority
 .text.front_interrupt_Enable
                0x00001520        0xc .\CortexM3\ARM_GCC_541\Debug\Final.a(front_interrupt.o)
                0x00001520                front_interrupt_Enable
 .text.front_interrupt_Disable
                0x0000152c        0xc .\CortexM3\ARM_GCC_541\Debug\Final.a(front_interrupt.o)
                0x0000152c                front_interrupt_Disable
 .text.front_interrupt_Start
                0x00001538       0x1c .\CortexM3\ARM_GCC_541\Debug\Final.a(front_interrupt.o)
                0x00001538                front_interrupt_Start
 .text.front_left_interrupt_Interrupt
                0x00001554        0x4 .\CortexM3\ARM_GCC_541\Debug\Final.a(front_left_interrupt.o)
                0x00001554                front_left_interrupt_Interrupt
 .text.front_left_interrupt_SetVector
                0x00001558        0xc .\CortexM3\ARM_GCC_541\Debug\Final.a(front_left_interrupt.o)
                0x00001558                front_left_interrupt_SetVector
 .text.front_left_interrupt_SetPriority
                0x00001564       0x10 .\CortexM3\ARM_GCC_541\Debug\Final.a(front_left_interrupt.o)
                0x00001564                front_left_interrupt_SetPriority
 .text.front_left_interrupt_Enable
                0x00001574        0xc .\CortexM3\ARM_GCC_541\Debug\Final.a(front_left_interrupt.o)
                0x00001574                front_left_interrupt_Enable
 .text.front_left_interrupt_Disable
                0x00001580        0xc .\CortexM3\ARM_GCC_541\Debug\Final.a(front_left_interrupt.o)
                0x00001580                front_left_interrupt_Disable
 .text.front_left_interrupt_Start
                0x0000158c       0x1c .\CortexM3\ARM_GCC_541\Debug\Final.a(front_left_interrupt.o)
                0x0000158c                front_left_interrupt_Start
 .text.front_right_interrupt_Interrupt
                0x000015a8        0x4 .\CortexM3\ARM_GCC_541\Debug\Final.a(front_right_interrupt.o)
                0x000015a8                front_right_interrupt_Interrupt
 .text.front_right_interrupt_SetVector
                0x000015ac        0xc .\CortexM3\ARM_GCC_541\Debug\Final.a(front_right_interrupt.o)
                0x000015ac                front_right_interrupt_SetVector
 .text.front_right_interrupt_SetPriority
                0x000015b8       0x10 .\CortexM3\ARM_GCC_541\Debug\Final.a(front_right_interrupt.o)
                0x000015b8                front_right_interrupt_SetPriority
 .text.front_right_interrupt_Enable
                0x000015c8        0xc .\CortexM3\ARM_GCC_541\Debug\Final.a(front_right_interrupt.o)
                0x000015c8                front_right_interrupt_Enable
 .text.front_right_interrupt_Disable
                0x000015d4        0xc .\CortexM3\ARM_GCC_541\Debug\Final.a(front_right_interrupt.o)
                0x000015d4                front_right_interrupt_Disable
 .text.front_right_interrupt_Start
                0x000015e0       0x1c .\CortexM3\ARM_GCC_541\Debug\Final.a(front_right_interrupt.o)
                0x000015e0                front_right_interrupt_Start
 .text.turn_interrupt_Interrupt
                0x000015fc        0x4 .\CortexM3\ARM_GCC_541\Debug\Final.a(turn_interrupt.o)
                0x000015fc                turn_interrupt_Interrupt
 .text.turn_interrupt_SetVector
                0x00001600        0xc .\CortexM3\ARM_GCC_541\Debug\Final.a(turn_interrupt.o)
                0x00001600                turn_interrupt_SetVector
 .text.turn_interrupt_SetPriority
                0x0000160c       0x10 .\CortexM3\ARM_GCC_541\Debug\Final.a(turn_interrupt.o)
                0x0000160c                turn_interrupt_SetPriority
 .text.turn_interrupt_Enable
                0x0000161c        0xc .\CortexM3\ARM_GCC_541\Debug\Final.a(turn_interrupt.o)
                0x0000161c                turn_interrupt_Enable
 .text.turn_interrupt_Disable
                0x00001628        0xc .\CortexM3\ARM_GCC_541\Debug\Final.a(turn_interrupt.o)
                0x00001628                turn_interrupt_Disable
 .text.turn_interrupt_Start
                0x00001634       0x1c .\CortexM3\ARM_GCC_541\Debug\Final.a(turn_interrupt.o)
                0x00001634                turn_interrupt_Start
 .text.MODE_Write
                0x00001650        0xc .\CortexM3\ARM_GCC_541\Debug\Final.a(MODE.o)
                0x00001650                MODE_Write
 .text.MODE_Read
                0x0000165c        0xc .\CortexM3\ARM_GCC_541\Debug\Final.a(MODE.o)
                0x0000165c                MODE_Read
 .text.STOP_Write
                0x00001668        0xc .\CortexM3\ARM_GCC_541\Debug\Final.a(STOP.o)
                0x00001668                STOP_Write
 .text.LED_Write
                0x00001674        0xc .\CortexM3\ARM_GCC_541\Debug\Final.a(LED.o)
                0x00001674                LED_Write
 .text          0x00001680       0x20 .\CortexM3\ARM_GCC_541\Debug\Final.a(CyBootAsmGnu.o)
                0x00001680                CyDelayCycles
                0x00001690                CyEnterCriticalSection
                0x00001698                CyExitCriticalSection
 .text          0x000016a0      0x370 c:/program files (x86)/cypress/psoc creator/4.4/psoc creator/import/gnu/arm/5.4.1/bin/../lib/gcc/arm-none-eabi/5.4.1/armv7-m\libgcc.a(_arm_addsubdf3.o)
                0x000016a0                __aeabi_drsub
                0x000016a8                __aeabi_dsub
                0x000016a8                __subdf3
                0x000016ac                __aeabi_dadd
                0x000016ac                __adddf3
                0x00001924                __floatunsidf
                0x00001924                __aeabi_ui2d
                0x00001944                __floatsidf
                0x00001944                __aeabi_i2d
                0x00001968                __aeabi_f2d
                0x00001968                __extendsfdf2
                0x000019a4                __floatundidf
                0x000019a4                __aeabi_ul2d
                0x000019b4                __floatdidf
                0x000019b4                __aeabi_l2d
 .text          0x00001a10      0x424 c:/program files (x86)/cypress/psoc creator/4.4/psoc creator/import/gnu/arm/5.4.1/bin/../lib/gcc/arm-none-eabi/5.4.1/armv7-m\libgcc.a(_arm_muldivdf3.o)
                0x00001a10                __aeabi_dmul
                0x00001a10                __muldf3
                0x00001c64                __divdf3
                0x00001c64                __aeabi_ddiv
 .text          0x00001e34      0x110 c:/program files (x86)/cypress/psoc creator/4.4/psoc creator/import/gnu/arm/5.4.1/bin/../lib/gcc/arm-none-eabi/5.4.1/armv7-m\libgcc.a(_arm_cmpdf2.o)
                0x00001e34                __gtdf2
                0x00001e34                __gedf2
                0x00001e3c                __ltdf2
                0x00001e3c                __ledf2
                0x00001e44                __nedf2
                0x00001e44                __eqdf2
                0x00001e44                __cmpdf2
                0x00001ec0                __aeabi_cdrcmple
                0x00001ed0                __aeabi_cdcmpeq
                0x00001ed0                __aeabi_cdcmple
                0x00001ee0                __aeabi_dcmpeq
                0x00001ef4                __aeabi_dcmplt
                0x00001f08                __aeabi_dcmple
                0x00001f1c                __aeabi_dcmpge
                0x00001f30                __aeabi_dcmpgt
 .text          0x00001f44       0x50 c:/program files (x86)/cypress/psoc creator/4.4/psoc creator/import/gnu/arm/5.4.1/bin/../lib/gcc/arm-none-eabi/5.4.1/armv7-m\libgcc.a(_arm_fixdfsi.o)
                0x00001f44                __aeabi_d2iz
                0x00001f44                __fixdfsi
 .text          0x00001f94       0x40 c:/program files (x86)/cypress/psoc creator/4.4/psoc creator/import/gnu/arm/5.4.1/bin/../lib/gcc/arm-none-eabi/5.4.1/armv7-m\libgcc.a(_arm_fixunsdfsi.o)
                0x00001f94                __aeabi_d2uiz
                0x00001f94                __fixunsdfsi
 .text          0x00001fd4       0xa0 c:/program files (x86)/cypress/psoc creator/4.4/psoc creator/import/gnu/arm/5.4.1/bin/../lib/gcc/arm-none-eabi/5.4.1/armv7-m\libgcc.a(_arm_truncdfsf2.o)
                0x00001fd4                __truncdfsf2
                0x00001fd4                __aeabi_d2f
 .text          0x00002074      0x21c c:/program files (x86)/cypress/psoc creator/4.4/psoc creator/import/gnu/arm/5.4.1/bin/../lib/gcc/arm-none-eabi/5.4.1/armv7-m\libgcc.a(_arm_addsubsf3.o)
                0x00002074                __aeabi_frsub
                0x0000207c                __subsf3
                0x0000207c                __aeabi_fsub
                0x00002080                __aeabi_fadd
                0x00002080                __addsf3
                0x000021e0                __aeabi_ui2f
                0x000021e0                __floatunsisf
                0x000021e8                __aeabi_i2f
                0x000021e8                __floatsisf
                0x00002204                __aeabi_ul2f
                0x00002204                __floatundisf
                0x00002214                __aeabi_l2f
                0x00002214                __floatdisf
 .text          0x00002290      0x2a0 c:/program files (x86)/cypress/psoc creator/4.4/psoc creator/import/gnu/arm/5.4.1/bin/../lib/gcc/arm-none-eabi/5.4.1/armv7-m\libgcc.a(_arm_muldivsf3.o)
                0x00002290                __mulsf3
                0x00002290                __aeabi_fmul
                0x000023f8                __aeabi_fdiv
                0x000023f8                __divsf3
 .text          0x00002530       0xec c:/program files (x86)/cypress/psoc creator/4.4/psoc creator/import/gnu/arm/5.4.1/bin/../lib/gcc/arm-none-eabi/5.4.1/armv7-m\libgcc.a(_arm_cmpsf2.o)
                0x00002530                __gesf2
                0x00002530                __gtsf2
                0x00002538                __lesf2
                0x00002538                __ltsf2
                0x00002540                __nesf2
                0x00002540                __eqsf2
                0x00002540                __cmpsf2
                0x000025a0                __aeabi_cfrcmple
                0x000025a8                __aeabi_cfcmpeq
                0x000025a8                __aeabi_cfcmple
                0x000025b8                __aeabi_fcmpeq
                0x000025cc                __aeabi_fcmplt
                0x000025e0                __aeabi_fcmple
                0x000025f4                __aeabi_fcmpge
                0x00002608                __aeabi_fcmpgt
 .text.atof     0x0000261c        0x6 c:/program files (x86)/cypress/psoc creator/4.4/psoc creator/import/gnu/arm/5.4.1/bin/../lib/gcc/arm-none-eabi/5.4.1/../../../../arm-none-eabi/lib/armv7-m\libg_nano.a(lib_a-atof.o)
                0x0000261c                atof
 .text.atoi     0x00002622        0x8 c:/program files (x86)/cypress/psoc creator/4.4/psoc creator/import/gnu/arm/5.4.1/bin/../lib/gcc/arm-none-eabi/5.4.1/../../../../arm-none-eabi/lib/armv7-m\libg_nano.a(lib_a-atoi.o)
                0x00002622                atoi
 *fill*         0x0000262a        0x2 
 .text.__errno  0x0000262c        0xc c:/program files (x86)/cypress/psoc creator/4.4/psoc creator/import/gnu/arm/5.4.1/bin/../lib/gcc/arm-none-eabi/5.4.1/../../../../arm-none-eabi/lib/armv7-m\libg_nano.a(lib_a-errno.o)
                0x0000262c                __errno
 .text.__libc_init_array
                0x00002638       0x4c c:/program files (x86)/cypress/psoc creator/4.4/psoc creator/import/gnu/arm/5.4.1/bin/../lib/gcc/arm-none-eabi/5.4.1/../../../../arm-none-eabi/lib/armv7-m\libg_nano.a(lib_a-init.o)
                0x00002638                __libc_init_array
 .text.memcpy   0x00002684       0x16 c:/program files (x86)/cypress/psoc creator/4.4/psoc creator/import/gnu/arm/5.4.1/bin/../lib/gcc/arm-none-eabi/5.4.1/../../../../arm-none-eabi/lib/armv7-m\libg_nano.a(lib_a-memcpy-stub.o)
                0x00002684                memcpy
 .text.memset   0x0000269a       0x10 c:/program files (x86)/cypress/psoc creator/4.4/psoc creator/import/gnu/arm/5.4.1/bin/../lib/gcc/arm-none-eabi/5.4.1/../../../../arm-none-eabi/lib/armv7-m\libg_nano.a(lib_a-memset.o)
                0x0000269a                memset
 *fill*         0x000026aa        0x2 
 .text.srand    0x000026ac       0x50 c:/program files (x86)/cypress/psoc creator/4.4/psoc creator/import/gnu/arm/5.4.1/bin/../lib/gcc/arm-none-eabi/5.4.1/../../../../arm-none-eabi/lib/armv7-m\libg_nano.a(lib_a-rand.o)
                0x000026ac                srand
 .text.rand     0x000026fc       0x74 c:/program files (x86)/cypress/psoc creator/4.4/psoc creator/import/gnu/arm/5.4.1/bin/../lib/gcc/arm-none-eabi/5.4.1/../../../../arm-none-eabi/lib/armv7-m\libg_nano.a(lib_a-rand.o)
                0x000026fc                rand
 .text.sprintf  0x00002770       0x48 c:/program files (x86)/cypress/psoc creator/4.4/psoc creator/import/gnu/arm/5.4.1/bin/../lib/gcc/arm-none-eabi/5.4.1/../../../../arm-none-eabi/lib/armv7-m\libg_nano.a(lib_a-sprintf.o)
                0x00002770                siprintf
                0x00002770                sprintf
 .text          0x000027b8       0x14 c:/program files (x86)/cypress/psoc creator/4.4/psoc creator/import/gnu/arm/5.4.1/bin/../lib/gcc/arm-none-eabi/5.4.1/../../../../arm-none-eabi/lib/armv7-m\libg_nano.a(lib_a-strcmp.o)
                0x000027b8                strcmp
 .text.strncmp  0x000027cc       0x2a c:/program files (x86)/cypress/psoc creator/4.4/psoc creator/import/gnu/arm/5.4.1/bin/../lib/gcc/arm-none-eabi/5.4.1/../../../../arm-none-eabi/lib/armv7-m\libg_nano.a(lib_a-strncmp.o)
                0x000027cc                strncmp
 .text.strstr   0x000027f6       0x34 c:/program files (x86)/cypress/psoc creator/4.4/psoc creator/import/gnu/arm/5.4.1/bin/../lib/gcc/arm-none-eabi/5.4.1/../../../../arm-none-eabi/lib/armv7-m\libg_nano.a(lib_a-strstr.o)
                0x000027f6                strstr
 .text.sulp     0x0000282a       0x42 c:/program files (x86)/cypress/psoc creator/4.4/psoc creator/import/gnu/arm/5.4.1/bin/../lib/gcc/arm-none-eabi/5.4.1/../../../../arm-none-eabi/lib/armv7-m\libg_nano.a(lib_a-strtod.o)
 *fill*         0x0000286c        0x4 
 .text._strtod_r
                0x00002870      0xc00 c:/program files (x86)/cypress/psoc creator/4.4/psoc creator/import/gnu/arm/5.4.1/bin/../lib/gcc/arm-none-eabi/5.4.1/../../../../arm-none-eabi/lib/armv7-m\libg_nano.a(lib_a-strtod.o)
                0x00002870                _strtod_r
 .text.strtod   0x00003470       0x10 c:/program files (x86)/cypress/psoc creator/4.4/psoc creator/import/gnu/arm/5.4.1/bin/../lib/gcc/arm-none-eabi/5.4.1/../../../../arm-none-eabi/lib/armv7-m\libg_nano.a(lib_a-strtod.o)
                0x00003470                strtod
 .text._strtol_r
                0x00003480      0x10c c:/program files (x86)/cypress/psoc creator/4.4/psoc creator/import/gnu/arm/5.4.1/bin/../lib/gcc/arm-none-eabi/5.4.1/../../../../arm-none-eabi/lib/armv7-m\libg_nano.a(lib_a-strtol.o)
                0x00003480                _strtol_r
 .text.strtol   0x0000358c       0x14 c:/program files (x86)/cypress/psoc creator/4.4/psoc creator/import/gnu/arm/5.4.1/bin/../lib/gcc/arm-none-eabi/5.4.1/../../../../arm-none-eabi/lib/armv7-m\libg_nano.a(lib_a-strtol.o)
                0x0000358c                strtol
 .text.time     0x000035a0       0x28 c:/program files (x86)/cypress/psoc creator/4.4/psoc creator/import/gnu/arm/5.4.1/bin/../lib/gcc/arm-none-eabi/5.4.1/../../../../arm-none-eabi/lib/armv7-m\libg_nano.a(lib_a-time.o)
                0x000035a0                time
 .text.rshift   0x000035c8       0x6c c:/program files (x86)/cypress/psoc creator/4.4/psoc creator/import/gnu/arm/5.4.1/bin/../lib/gcc/arm-none-eabi/5.4.1/../../../../arm-none-eabi/lib/armv7-m\libg_nano.a(lib_a-gdtoa-gethex.o)
 .text.__hexdig_fun
                0x00003634       0x2a c:/program files (x86)/cypress/psoc creator/4.4/psoc creator/import/gnu/arm/5.4.1/bin/../lib/gcc/arm-none-eabi/5.4.1/../../../../arm-none-eabi/lib/armv7-m\libg_nano.a(lib_a-gdtoa-gethex.o)
                0x00003634                __hexdig_fun
 .text.__gethex
                0x0000365e      0x43e c:/program files (x86)/cypress/psoc creator/4.4/psoc creator/import/gnu/arm/5.4.1/bin/../lib/gcc/arm-none-eabi/5.4.1/../../../../arm-none-eabi/lib/armv7-m\libg_nano.a(lib_a-gdtoa-gethex.o)
                0x0000365e                __gethex
 .text.L_shift  0x00003a9c       0x24 c:/program files (x86)/cypress/psoc creator/4.4/psoc creator/import/gnu/arm/5.4.1/bin/../lib/gcc/arm-none-eabi/5.4.1/../../../../arm-none-eabi/lib/armv7-m\libg_nano.a(lib_a-gdtoa-hexnan.o)
 .text.__match  0x00003ac0       0x26 c:/program files (x86)/cypress/psoc creator/4.4/psoc creator/import/gnu/arm/5.4.1/bin/../lib/gcc/arm-none-eabi/5.4.1/../../../../arm-none-eabi/lib/armv7-m\libg_nano.a(lib_a-gdtoa-hexnan.o)
                0x00003ac0                __match
 .text.__hexnan
                0x00003ae6      0x11c c:/program files (x86)/cypress/psoc creator/4.4/psoc creator/import/gnu/arm/5.4.1/bin/../lib/gcc/arm-none-eabi/5.4.1/../../../../arm-none-eabi/lib/armv7-m\libg_nano.a(lib_a-gdtoa-hexnan.o)
                0x00003ae6                __hexnan
 *fill*         0x00003c02        0x2 
 .text._gettimeofday_r
                0x00003c04       0x24 c:/program files (x86)/cypress/psoc creator/4.4/psoc creator/import/gnu/arm/5.4.1/bin/../lib/gcc/arm-none-eabi/5.4.1/../../../../arm-none-eabi/lib/armv7-m\libg_nano.a(lib_a-gettimeofdayr.o)
                0x00003c04                _gettimeofday_r
 .text._localeconv_r
                0x00003c28        0x8 c:/program files (x86)/cypress/psoc creator/4.4/psoc creator/import/gnu/arm/5.4.1/bin/../lib/gcc/arm-none-eabi/5.4.1/../../../../arm-none-eabi/lib/armv7-m\libg_nano.a(lib_a-locale.o)
                0x00003c28                _localeconv_r
 .text.malloc   0x00003c30       0x10 c:/program files (x86)/cypress/psoc creator/4.4/psoc creator/import/gnu/arm/5.4.1/bin/../lib/gcc/arm-none-eabi/5.4.1/../../../../arm-none-eabi/lib/armv7-m\libg_nano.a(lib_a-malloc.o)
                0x00003c30                malloc
 .text._Balloc  0x00003c40       0x6a c:/program files (x86)/cypress/psoc creator/4.4/psoc creator/import/gnu/arm/5.4.1/bin/../lib/gcc/arm-none-eabi/5.4.1/../../../../arm-none-eabi/lib/armv7-m\libg_nano.a(lib_a-mprec.o)
                0x00003c40                _Balloc
 .text._Bfree   0x00003caa       0x2e c:/program files (x86)/cypress/psoc creator/4.4/psoc creator/import/gnu/arm/5.4.1/bin/../lib/gcc/arm-none-eabi/5.4.1/../../../../arm-none-eabi/lib/armv7-m\libg_nano.a(lib_a-mprec.o)
                0x00003caa                _Bfree
 .text.__multadd
                0x00003cd8       0x76 c:/program files (x86)/cypress/psoc creator/4.4/psoc creator/import/gnu/arm/5.4.1/bin/../lib/gcc/arm-none-eabi/5.4.1/../../../../arm-none-eabi/lib/armv7-m\libg_nano.a(lib_a-mprec.o)
                0x00003cd8                __multadd
 .text.__s2b    0x00003d4e       0x7c c:/program files (x86)/cypress/psoc creator/4.4/psoc creator/import/gnu/arm/5.4.1/bin/../lib/gcc/arm-none-eabi/5.4.1/../../../../arm-none-eabi/lib/armv7-m\libg_nano.a(lib_a-mprec.o)
                0x00003d4e                __s2b
 .text.__hi0bits
                0x00003dca       0x40 c:/program files (x86)/cypress/psoc creator/4.4/psoc creator/import/gnu/arm/5.4.1/bin/../lib/gcc/arm-none-eabi/5.4.1/../../../../arm-none-eabi/lib/armv7-m\libg_nano.a(lib_a-mprec.o)
                0x00003dca                __hi0bits
 .text.__lo0bits
                0x00003e0a       0x5a c:/program files (x86)/cypress/psoc creator/4.4/psoc creator/import/gnu/arm/5.4.1/bin/../lib/gcc/arm-none-eabi/5.4.1/../../../../arm-none-eabi/lib/armv7-m\libg_nano.a(lib_a-mprec.o)
                0x00003e0a                __lo0bits
 .text.__i2b    0x00003e64       0x12 c:/program files (x86)/cypress/psoc creator/4.4/psoc creator/import/gnu/arm/5.4.1/bin/../lib/gcc/arm-none-eabi/5.4.1/../../../../arm-none-eabi/lib/armv7-m\libg_nano.a(lib_a-mprec.o)
                0x00003e64                __i2b
 .text.__multiply
                0x00003e76      0x120 c:/program files (x86)/cypress/psoc creator/4.4/psoc creator/import/gnu/arm/5.4.1/bin/../lib/gcc/arm-none-eabi/5.4.1/../../../../arm-none-eabi/lib/armv7-m\libg_nano.a(lib_a-mprec.o)
                0x00003e76                __multiply
 *fill*         0x00003f96        0x2 
 .text.__pow5mult
                0x00003f98       0x9c c:/program files (x86)/cypress/psoc creator/4.4/psoc creator/import/gnu/arm/5.4.1/bin/../lib/gcc/arm-none-eabi/5.4.1/../../../../arm-none-eabi/lib/armv7-m\libg_nano.a(lib_a-mprec.o)
                0x00003f98                __pow5mult
 .text.__lshift
                0x00004034       0xa2 c:/program files (x86)/cypress/psoc creator/4.4/psoc creator/import/gnu/arm/5.4.1/bin/../lib/gcc/arm-none-eabi/5.4.1/../../../../arm-none-eabi/lib/armv7-m\libg_nano.a(lib_a-mprec.o)
                0x00004034                __lshift
 .text.__mcmp   0x000040d6       0x38 c:/program files (x86)/cypress/psoc creator/4.4/psoc creator/import/gnu/arm/5.4.1/bin/../lib/gcc/arm-none-eabi/5.4.1/../../../../arm-none-eabi/lib/armv7-m\libg_nano.a(lib_a-mprec.o)
                0x000040d6                __mcmp
 .text.__mdiff  0x0000410e       0xbe c:/program files (x86)/cypress/psoc creator/4.4/psoc creator/import/gnu/arm/5.4.1/bin/../lib/gcc/arm-none-eabi/5.4.1/../../../../arm-none-eabi/lib/armv7-m\libg_nano.a(lib_a-mprec.o)
                0x0000410e                __mdiff
 .text.__ulp    0x000041cc       0x48 c:/program files (x86)/cypress/psoc creator/4.4/psoc creator/import/gnu/arm/5.4.1/bin/../lib/gcc/arm-none-eabi/5.4.1/../../../../arm-none-eabi/lib/armv7-m\libg_nano.a(lib_a-mprec.o)
                0x000041cc                __ulp
 .text.__b2d    0x00004214       0x9a c:/program files (x86)/cypress/psoc creator/4.4/psoc creator/import/gnu/arm/5.4.1/bin/../lib/gcc/arm-none-eabi/5.4.1/../../../../arm-none-eabi/lib/armv7-m\libg_nano.a(lib_a-mprec.o)
                0x00004214                __b2d
 .text.__d2b    0x000042ae       0x9c c:/program files (x86)/cypress/psoc creator/4.4/psoc creator/import/gnu/arm/5.4.1/bin/../lib/gcc/arm-none-eabi/5.4.1/../../../../arm-none-eabi/lib/armv7-m\libg_nano.a(lib_a-mprec.o)
                0x000042ae                __d2b
 .text.__ratio  0x0000434a       0x50 c:/program files (x86)/cypress/psoc creator/4.4/psoc creator/import/gnu/arm/5.4.1/bin/../lib/gcc/arm-none-eabi/5.4.1/../../../../arm-none-eabi/lib/armv7-m\libg_nano.a(lib_a-mprec.o)
                0x0000434a                __ratio
 .text.__copybits
                0x0000439a       0x34 c:/program files (x86)/cypress/psoc creator/4.4/psoc creator/import/gnu/arm/5.4.1/bin/../lib/gcc/arm-none-eabi/5.4.1/../../../../arm-none-eabi/lib/armv7-m\libg_nano.a(lib_a-mprec.o)
                0x0000439a                __copybits
 .text.__any_on
                0x000043ce       0x44 c:/program files (x86)/cypress/psoc creator/4.4/psoc creator/import/gnu/arm/5.4.1/bin/../lib/gcc/arm-none-eabi/5.4.1/../../../../arm-none-eabi/lib/armv7-m\libg_nano.a(lib_a-mprec.o)
                0x000043ce                __any_on
 .text._calloc_r
                0x00004412       0x1c c:/program files (x86)/cypress/psoc creator/4.4/psoc creator/import/gnu/arm/5.4.1/bin/../lib/gcc/arm-none-eabi/5.4.1/../../../../arm-none-eabi/lib/armv7-m\libg_nano.a(lib_a-nano-callocr.o)
                0x00004412                _calloc_r
 *fill*         0x0000442e        0x2 
 .text._free_r  0x00004430       0x98 c:/program files (x86)/cypress/psoc creator/4.4/psoc creator/import/gnu/arm/5.4.1/bin/../lib/gcc/arm-none-eabi/5.4.1/../../../../arm-none-eabi/lib/armv7-m\libg_nano.a(lib_a-nano-freer.o)
                0x00004430                _free_r
 .text._malloc_r
                0x000044c8       0xbc c:/program files (x86)/cypress/psoc creator/4.4/psoc creator/import/gnu/arm/5.4.1/bin/../lib/gcc/arm-none-eabi/5.4.1/../../../../arm-none-eabi/lib/armv7-m\libg_nano.a(lib_a-nano-mallocr.o)
                0x000044c8                _malloc_r
 .text.__ssputs_r
                0x00004584       0xb2 c:/program files (x86)/cypress/psoc creator/4.4/psoc creator/import/gnu/arm/5.4.1/bin/../lib/gcc/arm-none-eabi/5.4.1/../../../../arm-none-eabi/lib/armv7-m\libg_nano.a(lib_a-nano-svfprintf.o)
                0x00004584                __ssputs_r
 *fill*         0x00004636        0x2 
 .text._svfprintf_r
                0x00004638      0x1e8 c:/program files (x86)/cypress/psoc creator/4.4/psoc creator/import/gnu/arm/5.4.1/bin/../lib/gcc/arm-none-eabi/5.4.1/../../../../arm-none-eabi/lib/armv7-m\libg_nano.a(lib_a-nano-svfprintf.o)
                0x00004638                _svfiprintf_r
                0x00004638                _svfprintf_r
 .text._printf_common
                0x00004820       0xec c:/program files (x86)/cypress/psoc creator/4.4/psoc creator/import/gnu/arm/5.4.1/bin/../lib/gcc/arm-none-eabi/5.4.1/../../../../arm-none-eabi/lib/armv7-m\libg_nano.a(lib_a-nano-vfprintf_i.o)
                0x00004820                _printf_common
 .text._printf_i
                0x0000490c      0x24c c:/program files (x86)/cypress/psoc creator/4.4/psoc creator/import/gnu/arm/5.4.1/bin/../lib/gcc/arm-none-eabi/5.4.1/../../../../arm-none-eabi/lib/armv7-m\libg_nano.a(lib_a-nano-vfprintf_i.o)
                0x0000490c                _printf_i
 .text._sbrk_r  0x00004b58       0x20 c:/program files (x86)/cypress/psoc creator/4.4/psoc creator/import/gnu/arm/5.4.1/bin/../lib/gcc/arm-none-eabi/5.4.1/../../../../arm-none-eabi/lib/armv7-m\libg_nano.a(lib_a-sbrkr.o)
                0x00004b58                _sbrk_r
 .text          0x00004b78       0x10 c:/program files (x86)/cypress/psoc creator/4.4/psoc creator/import/gnu/arm/5.4.1/bin/../lib/gcc/arm-none-eabi/5.4.1/../../../../arm-none-eabi/lib/armv7-m\libg_nano.a(lib_a-strlen.o)
                0x00004b78                strlen
 .text.memchr   0x00004b88       0x1c c:/program files (x86)/cypress/psoc creator/4.4/psoc creator/import/gnu/arm/5.4.1/bin/../lib/gcc/arm-none-eabi/5.4.1/../../../../arm-none-eabi/lib/armv7-m\libg_nano.a(lib_a-memchr-stub.o)
                0x00004b88                memchr
 .text.memmove  0x00004ba4       0x36 c:/program files (x86)/cypress/psoc creator/4.4/psoc creator/import/gnu/arm/5.4.1/bin/../lib/gcc/arm-none-eabi/5.4.1/../../../../arm-none-eabi/lib/armv7-m\libg_nano.a(lib_a-memmove.o)
                0x00004ba4                memmove
 .text.__malloc_lock
                0x00004bda        0x2 c:/program files (x86)/cypress/psoc creator/4.4/psoc creator/import/gnu/arm/5.4.1/bin/../lib/gcc/arm-none-eabi/5.4.1/../../../../arm-none-eabi/lib/armv7-m\libg_nano.a(lib_a-mlock.o)
                0x00004bda                __malloc_lock
 .text.__malloc_unlock
                0x00004bdc        0x2 c:/program files (x86)/cypress/psoc creator/4.4/psoc creator/import/gnu/arm/5.4.1/bin/../lib/gcc/arm-none-eabi/5.4.1/../../../../arm-none-eabi/lib/armv7-m\libg_nano.a(lib_a-mlock.o)
                0x00004bdc                __malloc_unlock
 .text._realloc_r
                0x00004bde       0x4c c:/program files (x86)/cypress/psoc creator/4.4/psoc creator/import/gnu/arm/5.4.1/bin/../lib/gcc/arm-none-eabi/5.4.1/../../../../arm-none-eabi/lib/armv7-m\libg_nano.a(lib_a-nano-reallocr.o)
                0x00004bde                _realloc_r
 .text._malloc_usable_size_r
                0x00004c2a       0x14 c:/program files (x86)/cypress/psoc creator/4.4/psoc creator/import/gnu/arm/5.4.1/bin/../lib/gcc/arm-none-eabi/5.4.1/../../../../arm-none-eabi/lib/armv7-m\libg_nano.a(lib_a-nano-msizer.o)
                0x00004c2a                _malloc_usable_size_r
 *fill*         0x00004c3e        0x2 
 .text._gettimeofday
                0x00004c40       0x10 c:/program files (x86)/cypress/psoc creator/4.4/psoc creator/import/gnu/arm/5.4.1/bin/../lib/gcc/arm-none-eabi/5.4.1/../../../../arm-none-eabi/lib/armv7-m\libnosys.a(gettod.o)
                0x00004c40                _gettimeofday
 *(.plt)
 *(.gnu.warning)
 *(.glue_7t)
 .glue_7t       0x00004c50        0x0 linker stubs
 *(.glue_7)
 .glue_7        0x00004c50        0x0 linker stubs
 *(.vfp11_veneer)
 .vfp11_veneer  0x00004c50        0x0 linker stubs
 *(.bootloader)
 *(.ARM.extab* .gnu.linkonce.armextab.*)
 *(.gcc_except_table)

.v4_bx          0x00004c50        0x0
 .v4_bx         0x00004c50        0x0 linker stubs

.iplt           0x00004c50        0x0
 .iplt          0x00004c50        0x0 c:/program files (x86)/cypress/psoc creator/4.4/psoc creator/import/gnu/arm/5.4.1/bin/../lib/gcc/arm-none-eabi/5.4.1/armv7-m/crtbegin.o

.eh_frame_hdr
 *(.eh_frame_hdr)

.eh_frame       0x00004c50        0x4
 *(.eh_frame)
 .eh_frame      0x00004c50        0x0 c:/program files (x86)/cypress/psoc creator/4.4/psoc creator/import/gnu/arm/5.4.1/bin/../lib/gcc/arm-none-eabi/5.4.1/armv7-m/crtbegin.o
 .eh_frame      0x00004c50        0x4 c:/program files (x86)/cypress/psoc creator/4.4/psoc creator/import/gnu/arm/5.4.1/bin/../lib/gcc/arm-none-eabi/5.4.1/armv7-m/crtend.o
                [!provide]                PROVIDE (__exidx_start, .)

.ARM.exidx
 *(.ARM.exidx* .gnu.linkonce.armexidx.*)
                0x00004c54                __exidx_end = .

.rodata         0x00004c58      0x450
 *(.rodata .rodata.* .gnu.linkonce.r.*)
 .rodata.str1.4
                0x00004c58      0x13c .\CortexM3\ARM_GCC_541\Debug\main.o
                                0x142 (size before relaxing)
 .rodata        0x00004d94       0x3a .\CortexM3\ARM_GCC_541\Debug\cyfitter_cfg.o
 .rodata.str1.1
                0x00004dce        0x2 c:/program files (x86)/cypress/psoc creator/4.4/psoc creator/import/gnu/arm/5.4.1/bin/../lib/gcc/arm-none-eabi/5.4.1/../../../../arm-none-eabi/lib/armv7-m\libg_nano.a(lib_a-impure.o)
 .rodata.fpinan.5401
                0x00004dd0       0x14 c:/program files (x86)/cypress/psoc creator/4.4/psoc creator/import/gnu/arm/5.4.1/bin/../lib/gcc/arm-none-eabi/5.4.1/../../../../arm-none-eabi/lib/armv7-m\libg_nano.a(lib_a-strtod.o)
 .rodata.str1.1
                0x00004de4        0xc c:/program files (x86)/cypress/psoc creator/4.4/psoc creator/import/gnu/arm/5.4.1/bin/../lib/gcc/arm-none-eabi/5.4.1/../../../../arm-none-eabi/lib/armv7-m\libg_nano.a(lib_a-strtod.o)
 .rodata.fpi.5365
                0x00004df0       0x14 c:/program files (x86)/cypress/psoc creator/4.4/psoc creator/import/gnu/arm/5.4.1/bin/../lib/gcc/arm-none-eabi/5.4.1/../../../../arm-none-eabi/lib/armv7-m\libg_nano.a(lib_a-strtod.o)
 *fill*         0x00004e04        0x4 
 .rodata.tinytens
                0x00004e08       0x28 c:/program files (x86)/cypress/psoc creator/4.4/psoc creator/import/gnu/arm/5.4.1/bin/../lib/gcc/arm-none-eabi/5.4.1/../../../../arm-none-eabi/lib/armv7-m\libg_nano.a(lib_a-strtod.o)
 .rodata._ctype_
                0x00004e30      0x101 c:/program files (x86)/cypress/psoc creator/4.4/psoc creator/import/gnu/arm/5.4.1/bin/../lib/gcc/arm-none-eabi/5.4.1/../../../../arm-none-eabi/lib/armv7-m\libg_nano.a(lib_a-ctype_.o)
                0x00004e30                _ctype_
 .rodata.str1.1
                0x00004f31        0x8 c:/program files (x86)/cypress/psoc creator/4.4/psoc creator/import/gnu/arm/5.4.1/bin/../lib/gcc/arm-none-eabi/5.4.1/../../../../arm-none-eabi/lib/armv7-m\libg_nano.a(lib_a-locale.o)
                                  0xb (size before relaxing)
 *fill*         0x00004f39        0x7 
 .rodata.__mprec_tens
                0x00004f40       0xc8 c:/program files (x86)/cypress/psoc creator/4.4/psoc creator/import/gnu/arm/5.4.1/bin/../lib/gcc/arm-none-eabi/5.4.1/../../../../arm-none-eabi/lib/armv7-m\libg_nano.a(lib_a-mprec.o)
                0x00004f40                __mprec_tens
 .rodata.p05.5408
                0x00005008        0xc c:/program files (x86)/cypress/psoc creator/4.4/psoc creator/import/gnu/arm/5.4.1/bin/../lib/gcc/arm-none-eabi/5.4.1/../../../../arm-none-eabi/lib/armv7-m\libg_nano.a(lib_a-mprec.o)
 *fill*         0x00005014        0x4 
 .rodata.__mprec_bigtens
                0x00005018       0x28 c:/program files (x86)/cypress/psoc creator/4.4/psoc creator/import/gnu/arm/5.4.1/bin/../lib/gcc/arm-none-eabi/5.4.1/../../../../arm-none-eabi/lib/armv7-m\libg_nano.a(lib_a-mprec.o)
                0x00005018                __mprec_bigtens
 .rodata.str1.1
                0x00005040       0x11 c:/program files (x86)/cypress/psoc creator/4.4/psoc creator/import/gnu/arm/5.4.1/bin/../lib/gcc/arm-none-eabi/5.4.1/../../../../arm-none-eabi/lib/armv7-m\libg_nano.a(lib_a-nano-svfprintf.o)
 .rodata.str1.1
                0x00005051       0x22 c:/program files (x86)/cypress/psoc creator/4.4/psoc creator/import/gnu/arm/5.4.1/bin/../lib/gcc/arm-none-eabi/5.4.1/../../../../arm-none-eabi/lib/armv7-m\libg_nano.a(lib_a-nano-vfprintf_i.o)
                0x00005074                . = ALIGN (0x4)
 *fill*         0x00005073        0x1 
 *(.init)
 .init          0x00005074        0x4 c:/program files (x86)/cypress/psoc creator/4.4/psoc creator/import/gnu/arm/5.4.1/bin/../lib/gcc/arm-none-eabi/5.4.1/armv7-m/crti.o
                0x00005074                _init
 .init          0x00005078        0x8 c:/program files (x86)/cypress/psoc creator/4.4/psoc creator/import/gnu/arm/5.4.1/bin/../lib/gcc/arm-none-eabi/5.4.1/armv7-m/crtn.o
                0x00005080                . = ALIGN (0x4)
                0x00005080                __preinit_array_start = .
 *(.preinit_array)
                0x00005080                __preinit_array_end = .
                0x00005080                . = ALIGN (0x4)
                0x00005080                __init_array_start = .
 *(SORT(.init_array.*))
 *(.init_array)
 .init_array    0x00005080        0x4 c:/program files (x86)/cypress/psoc creator/4.4/psoc creator/import/gnu/arm/5.4.1/bin/../lib/gcc/arm-none-eabi/5.4.1/armv7-m/crtbegin.o
 .init_array    0x00005084        0x4 .\CortexM3\ARM_GCC_541\Debug\Cm3Start.o
                0x00005088                __init_array_end = .
                0x00005088                . = ALIGN (0x4)
 *(.fini)
 .fini          0x00005088        0x4 c:/program files (x86)/cypress/psoc creator/4.4/psoc creator/import/gnu/arm/5.4.1/bin/../lib/gcc/arm-none-eabi/5.4.1/armv7-m/crti.o
                0x00005088                _fini
 .fini          0x0000508c        0x8 c:/program files (x86)/cypress/psoc creator/4.4/psoc creator/import/gnu/arm/5.4.1/bin/../lib/gcc/arm-none-eabi/5.4.1/armv7-m/crtn.o
                0x00005094                . = ALIGN (0x4)
                0x00005094                __fini_array_start = .
 *(.fini_array)
 .fini_array    0x00005094        0x4 c:/program files (x86)/cypress/psoc creator/4.4/psoc creator/import/gnu/arm/5.4.1/bin/../lib/gcc/arm-none-eabi/5.4.1/armv7-m/crtbegin.o
 *(SORT(.fini_array.*))
                0x00005098                __fini_array_end = .
                0x00005098                . = ALIGN (0x4)
 *crtbegin.o(.ctors)
 *(EXCLUDE_FILE(*crtend.o) .ctors)
 *(SORT(.ctors.*))
 *crtend.o(.ctors)
                0x00005098                . = ALIGN (0x4)
 *crtbegin.o(.dtors)
 *(EXCLUDE_FILE(*crtend.o) .dtors)
 *(SORT(.dtors.*))
 *crtend.o(.dtors)
                0x00005098                . = ALIGN (0x4)
                0x00005098                __cy_regions = .
                0x00005098        0x4 LONG 0x50a8 __cy_region_init_ram
                0x0000509c        0x4 LONG 0x1fff80c8 __cy_region_start_data
                0x000050a0        0x4 LONG 0xe8 __cy_region_init_size_ram
                0x000050a4        0x4 LONG 0x1a0 __cy_region_zero_size_ram
                0x000050a8                __cy_regions_end = .
                0x000050a8                . = ALIGN (0x8)
                0x000050a8                _etext = .

.cy_checksum_exclude
                0x000050a8        0x0
 *(.cy_checksum_exclude)

.ramvectors     0x1fff8000       0xc0
                0x1fff8000                __cy_region_start_ram = .
 *(.ramvectors)
 .ramvectors    0x1fff8000       0xc0 .\CortexM3\ARM_GCC_541\Debug\Cm3Start.o
                0x1fff8000                CyRamVectors

.noinit         0x1fff80c0        0x1
 *(.noinit)
 .noinit        0x1fff80c0        0x1 .\CortexM3\ARM_GCC_541\Debug\Final.a(CyLib.o)
                0x1fff80c0                CyResetStatus

.data           0x1fff80c8       0xe8 load address 0x000050a8
                0x1fff80c8                __cy_region_start_data = .
 *(.jcr)
 .jcr           0x1fff80c8        0x0 c:/program files (x86)/cypress/psoc creator/4.4/psoc creator/import/gnu/arm/5.4.1/bin/../lib/gcc/arm-none-eabi/5.4.1/armv7-m/crtbegin.o
 .jcr           0x1fff80c8        0x4 c:/program files (x86)/cypress/psoc creator/4.4/psoc creator/import/gnu/arm/5.4.1/bin/../lib/gcc/arm-none-eabi/5.4.1/armv7-m/crtend.o
 *(.got.plt)
 *(.got)
 *(.shdata)
 *(.data .data.* .gnu.linkonce.d.*)
 *fill*         0x1fff80cc        0x4 
 .data          0x1fff80d0       0x28 .\CortexM3\ARM_GCC_541\Debug\main.o
                0x1fff80d0                old_time
                0x1fff80d2                targetSpeed
                0x1fff80d8                kp
                0x1fff80e0                PWM_base
                0x1fff80e8                ki
                0x1fff80f0                servoPWM
 .data          0x1fff80f8        0x4 .\CortexM3\ARM_GCC_541\Debug\Cm3Start.o
 .data          0x1fff80fc       0x10 .\CortexM3\ARM_GCC_541\Debug\Final.a(CyLib.o)
                0x1fff80fc                cydelay_32k_ms
                0x1fff8100                cydelay_freq_khz
                0x1fff8104                cydelay_freq_mhz
                0x1fff8108                cydelay_freq_hz
 .data.impure_data
                0x1fff810c       0x60 c:/program files (x86)/cypress/psoc creator/4.4/psoc creator/import/gnu/arm/5.4.1/bin/../lib/gcc/arm-none-eabi/5.4.1/../../../../arm-none-eabi/lib/armv7-m\libg_nano.a(lib_a-impure.o)
 .data._impure_ptr
                0x1fff816c        0x4 c:/program files (x86)/cypress/psoc creator/4.4/psoc creator/import/gnu/arm/5.4.1/bin/../lib/gcc/arm-none-eabi/5.4.1/../../../../arm-none-eabi/lib/armv7-m\libg_nano.a(lib_a-impure.o)
                0x1fff816c                _impure_ptr
 .data.__ctype_ptr__
                0x1fff8170        0x4 c:/program files (x86)/cypress/psoc creator/4.4/psoc creator/import/gnu/arm/5.4.1/bin/../lib/gcc/arm-none-eabi/5.4.1/../../../../arm-none-eabi/lib/armv7-m\libg_nano.a(lib_a-ctype_.o)
                0x1fff8170                __ctype_ptr__
 .data.lconv    0x1fff8174       0x38 c:/program files (x86)/cypress/psoc creator/4.4/psoc creator/import/gnu/arm/5.4.1/bin/../lib/gcc/arm-none-eabi/5.4.1/../../../../arm-none-eabi/lib/armv7-m\libg_nano.a(lib_a-locale.o)
                0x1fff81b0                . = ALIGN (0x8)
 *fill*         0x1fff81ac        0x4 
 *(.ram)
                0x1fff81b0                _edata = .

.igot.plt       0x1fff81b0        0x0 load address 0x00005190
 .igot.plt      0x1fff81b0        0x0 c:/program files (x86)/cypress/psoc creator/4.4/psoc creator/import/gnu/arm/5.4.1/bin/../lib/gcc/arm-none-eabi/5.4.1/armv7-m/crtbegin.o

.bss            0x1fff81b0      0x1a0 load address 0x00005190
                0x1fff81b0                PROVIDE (__bss_start__, .)
 *(.shbss)
 *(.bss .bss.* .gnu.linkonce.b.*)
 .bss           0x1fff81b0       0x1c c:/program files (x86)/cypress/psoc creator/4.4/psoc creator/import/gnu/arm/5.4.1/bin/../lib/gcc/arm-none-eabi/5.4.1/armv7-m/crtbegin.o
 *fill*         0x1fff81cc        0x4 
 .bss           0x1fff81d0      0x12c .\CortexM3\ARM_GCC_541\Debug\main.o
                0x1fff81d0                accumulated_error
                0x1fff81d8                turn
                0x1fff81fc                rearDistance
                0x1fff8220                cx
                0x1fff8224                frontDistance
                0x1fff82b4                evasiveMode
 .bss           0x1fff82fc        0x1 .\CortexM3\ARM_GCC_541\Debug\Final.a(PWM_1.o)
                0x1fff82fc                PWM_1_initVar
 .bss           0x1fff82fd        0x2 .\CortexM3\ARM_GCC_541\Debug\Final.a(UART_1.o)
                0x1fff82fd                UART_1_initVar
 .bss           0x1fff82ff        0x1 .\CortexM3\ARM_GCC_541\Debug\Final.a(PWM.o)
                0x1fff82ff                PWM_initVar
 .bss           0x1fff8300        0x1 .\CortexM3\ARM_GCC_541\Debug\Final.a(Timer.o)
                0x1fff8300                Timer_initVar
 .bss           0x1fff8301        0x2 .\CortexM3\ARM_GCC_541\Debug\Final.a(UART_2.o)
                0x1fff8301                UART_2_initVar
 .bss           0x1fff8303        0x2 .\CortexM3\ARM_GCC_541\Debug\Final.a(UART_3.o)
                0x1fff8303                UART_3_initVar
 .bss           0x1fff8305        0x2 .\CortexM3\ARM_GCC_541\Debug\Final.a(UART_4.o)
                0x1fff8305                UART_4_initVar
 *fill*         0x1fff8307        0x1 
 .bss.__malloc_sbrk_start
                0x1fff8308        0x4 c:/program files (x86)/cypress/psoc creator/4.4/psoc creator/import/gnu/arm/5.4.1/bin/../lib/gcc/arm-none-eabi/5.4.1/../../../../arm-none-eabi/lib/armv7-m\libg_nano.a(lib_a-nano-mallocr.o)
                0x1fff8308                __malloc_sbrk_start
 .bss.__malloc_free_list
                0x1fff830c        0x4 c:/program files (x86)/cypress/psoc creator/4.4/psoc creator/import/gnu/arm/5.4.1/bin/../lib/gcc/arm-none-eabi/5.4.1/../../../../arm-none-eabi/lib/armv7-m\libg_nano.a(lib_a-nano-mallocr.o)
                0x1fff830c                __malloc_free_list
 *(COMMON)
 COMMON         0x1fff8310       0x38 .\CortexM3\ARM_GCC_541\Debug\main.o
                0x1fff8310                elapsed_time
                0x1fff8312                new_time
                0x1fff8314                strbuf2
                0x1fff8338                PWM
                0x1fff8340                speed
 COMMON         0x1fff8348        0x4 c:/program files (x86)/cypress/psoc creator/4.4/psoc creator/import/gnu/arm/5.4.1/bin/../lib/gcc/arm-none-eabi/5.4.1/../../../../arm-none-eabi/lib/armv7-m\libg_nano.a(lib_a-reent.o)
                0x1fff8348                errno
                0x1fff8350                . = ALIGN (0x8)
 *fill*         0x1fff834c        0x4 
 *(.ram.b)
                0x1fff8350                _end = .
                0x1fff8350                __end = .
                0x1fff8350                PROVIDE (end, .)
                0x1fff8350                PROVIDE (__bss_end__, .)
                0x000050a8                __cy_region_init_ram = LOADADDR (.data)
                0x000000e8                __cy_region_init_size_ram = (_edata - ADDR (.data))
                0x000001a0                __cy_region_zero_size_ram = (_end - _edata)

.heap           0x1fff8350       0x80 load address 0x00005190
                0x1fff8350                . = _end
                0x1fff83d0                . = (. + 0x80)
 *fill*         0x1fff8350       0x80 
                0x1fff83d0                __cy_heap_limit = .

.stack          0x20007800      0x800
                0x20007800                __cy_stack_limit = .
                0x20008000                . = (. + 0x800)
 *fill*         0x20007800      0x800 
                0x00000001                ASSERT ((__cy_stack_limit >= __cy_heap_limit), region RAM overflowed with stack)
                0x00000000                cy_checksum_exclude_size = (CY_APPL_LOADABLE == 0x1)?SIZEOF (.cy_checksum_exclude):0x0
                0x00000001                ASSERT ((cy_checksum_exclude_size <= CY_CHECKSUM_EXCLUDE_SIZE), CY_BOOT: Section .cy_checksum_exclude size exceedes specified limit.)

.cyloadermeta
 *(.cyloadermeta)

.cyloadablemeta
 *(.cyloadablemeta)

.cyconfigecc    0x80000000      0xf60
 *(.cyconfigecc)
 .cyconfigecc   0x80000000      0xf60 .\CortexM3\ARM_GCC_541\Debug\cymetadata.o
                0x80000000                cy_meta_configecc

.cycustnvl      0x90000000        0x4
 *(.cycustnvl)
 .cycustnvl     0x90000000        0x4 .\CortexM3\ARM_GCC_541\Debug\cymetadata.o
                0x90000000                cy_meta_custnvl

.cywolatch      0x90100000        0x4
 *(.cywolatch)
 .cywolatch     0x90100000        0x4 .\CortexM3\ARM_GCC_541\Debug\cymetadata.o
                0x90100000                cy_meta_wonvl

.cyeeprom       0x90200000        0x0
 *(.cyeeprom)
                0x00000001                ASSERT ((. <= ((0x90200000 + ee_offset) + ee_size)), .cyeeprom data will not fit in EEPROM)

.cyflashprotect
                0x90400000      0x100
 *(.cyflashprotect)
 .cyflashprotect
                0x90400000      0x100 .\CortexM3\ARM_GCC_541\Debug\cymetadata.o
                0x90400000                cy_meta_flashprotect

.cymeta         0x90500000        0xc
 *(.cymeta)
 .cymeta        0x90500000        0xc .\CortexM3\ARM_GCC_541\Debug\cymetadata.o
                0x90500000                cy_metadata

.rel.dyn        0x00005190        0x0 load address 0x9050000c
 .rel.iplt      0x00005190        0x0 c:/program files (x86)/cypress/psoc creator/4.4/psoc creator/import/gnu/arm/5.4.1/bin/../lib/gcc/arm-none-eabi/5.4.1/armv7-m/crtbegin.o

.stab           0x00000000       0x24
 *(.stab)
 .stab          0x00000000       0x24 c:/program files (x86)/cypress/psoc creator/4.4/psoc creator/import/gnu/arm/5.4.1/bin/../lib/gcc/arm-none-eabi/5.4.1/../../../../arm-none-eabi/lib/armv7-m\libnosys.a(gettod.o)

.stabstr        0x00000000       0x4e
 *(.stabstr)
 .stabstr       0x00000000       0x4e c:/program files (x86)/cypress/psoc creator/4.4/psoc creator/import/gnu/arm/5.4.1/bin/../lib/gcc/arm-none-eabi/5.4.1/../../../../arm-none-eabi/lib/armv7-m\libnosys.a(gettod.o)

.debug
 *(.debug)

.line
 *(.line)

.debug_srcinfo
 *(.debug_srcinfo)

.debug_sfnames
 *(.debug_sfnames)

.debug_aranges  0x00000000     0x10f0
 *(.debug_aranges)
 .debug_aranges
                0x00000000       0x48 .\CortexM3\ARM_GCC_541\Debug\main.o
 .debug_aranges
                0x00000048       0x58 .\CortexM3\ARM_GCC_541\Debug\cyfitter_cfg.o
 .debug_aranges
                0x000000a0       0x18 .\CortexM3\ARM_GCC_541\Debug\cymetadata.o
 .debug_aranges
                0x000000b8       0x48 .\CortexM3\ARM_GCC_541\Debug\Cm3Start.o
 .debug_aranges
                0x00000100       0x98 .\CortexM3\ARM_GCC_541\Debug\Final.a(PWM_1.o)
 .debug_aranges
                0x00000198       0xf0 .\CortexM3\ARM_GCC_541\Debug\Final.a(UART_1.o)
 .debug_aranges
                0x00000288       0x98 .\CortexM3\ARM_GCC_541\Debug\Final.a(PWM.o)
 .debug_aranges
                0x00000320       0x98 .\CortexM3\ARM_GCC_541\Debug\Final.a(Timer.o)
 .debug_aranges
                0x000003b8       0x80 .\CortexM3\ARM_GCC_541\Debug\Final.a(HE_Interrupt.o)
 .debug_aranges
                0x00000438       0x70 .\CortexM3\ARM_GCC_541\Debug\Final.a(UART_1_IntClock.o)
 .debug_aranges
                0x000004a8      0x2a0 .\CortexM3\ARM_GCC_541\Debug\Final.a(CyLib.o)
 .debug_aranges
                0x00000748       0x98 .\CortexM3\ARM_GCC_541\Debug\Final.a(cyPm.o)
 .debug_aranges
                0x000007e0       0xf0 .\CortexM3\ARM_GCC_541\Debug\Final.a(UART_2.o)
 .debug_aranges
                0x000008d0       0x70 .\CortexM3\ARM_GCC_541\Debug\Final.a(UART_2_IntClock.o)
 .debug_aranges
                0x00000940       0xf0 .\CortexM3\ARM_GCC_541\Debug\Final.a(UART_3.o)
 .debug_aranges
                0x00000a30       0xf0 .\CortexM3\ARM_GCC_541\Debug\Final.a(UART_4.o)
 .debug_aranges
                0x00000b20       0x70 .\CortexM3\ARM_GCC_541\Debug\Final.a(UART_3_IntClock.o)
 .debug_aranges
                0x00000b90       0x70 .\CortexM3\ARM_GCC_541\Debug\Final.a(UART_4_IntClock.o)
 .debug_aranges
                0x00000c00       0x38 .\CortexM3\ARM_GCC_541\Debug\Final.a(P_front_left.o)
 .debug_aranges
                0x00000c38       0x38 .\CortexM3\ARM_GCC_541\Debug\Final.a(P_left_1.o)
 .debug_aranges
                0x00000c70       0x38 .\CortexM3\ARM_GCC_541\Debug\Final.a(P_left_2.o)
 .debug_aranges
                0x00000ca8       0x38 .\CortexM3\ARM_GCC_541\Debug\Final.a(P_right_2.o)
 .debug_aranges
                0x00000ce0       0x38 .\CortexM3\ARM_GCC_541\Debug\Final.a(P_right_1.o)
 .debug_aranges
                0x00000d18       0x38 .\CortexM3\ARM_GCC_541\Debug\Final.a(P_front_right.o)
 .debug_aranges
                0x00000d50       0x80 .\CortexM3\ARM_GCC_541\Debug\Final.a(front_interrupt.o)
 .debug_aranges
                0x00000dd0       0x80 .\CortexM3\ARM_GCC_541\Debug\Final.a(front_left_interrupt.o)
 .debug_aranges
                0x00000e50       0x80 .\CortexM3\ARM_GCC_541\Debug\Final.a(front_right_interrupt.o)
 .debug_aranges
                0x00000ed0       0x80 .\CortexM3\ARM_GCC_541\Debug\Final.a(turn_interrupt.o)
 .debug_aranges
                0x00000f50       0x28 .\CortexM3\ARM_GCC_541\Debug\Final.a(MODE.o)
 .debug_aranges
                0x00000f78       0x28 .\CortexM3\ARM_GCC_541\Debug\Final.a(STOP.o)
 .debug_aranges
                0x00000fa0       0x28 .\CortexM3\ARM_GCC_541\Debug\Final.a(LED.o)
 .debug_aranges
                0x00000fc8       0x20 .\CortexM3\ARM_GCC_541\Debug\Final.a(CyBootAsmGnu.o)
 .debug_aranges
                0x00000fe8       0x88 .\CortexM3\ARM_GCC_541\Debug\Final.a(CyFlash.o)
 .debug_aranges
                0x00001070       0x80 .\CortexM3\ARM_GCC_541\Debug\Final.a(CySpc.o)

.debug_pubnames
 *(.debug_pubnames)

.debug_info     0x00000000     0x8804
 *(.debug_info .gnu.linkonce.wi.*)
 .debug_info    0x00000000     0x1004 .\CortexM3\ARM_GCC_541\Debug\main.o
 .debug_info    0x00001004      0x629 .\CortexM3\ARM_GCC_541\Debug\cyfitter_cfg.o
 .debug_info    0x0000162d      0x139 .\CortexM3\ARM_GCC_541\Debug\cymetadata.o
 .debug_info    0x00001766      0x3bb .\CortexM3\ARM_GCC_541\Debug\Cm3Start.o
 .debug_info    0x00001b21      0x334 .\CortexM3\ARM_GCC_541\Debug\Final.a(PWM_1.o)
 .debug_info    0x00001e55      0x60c .\CortexM3\ARM_GCC_541\Debug\Final.a(UART_1.o)
 .debug_info    0x00002461      0x333 .\CortexM3\ARM_GCC_541\Debug\Final.a(PWM.o)
 .debug_info    0x00002794      0x328 .\CortexM3\ARM_GCC_541\Debug\Final.a(Timer.o)
 .debug_info    0x00002abc      0x2d2 .\CortexM3\ARM_GCC_541\Debug\Final.a(HE_Interrupt.o)
 .debug_info    0x00002d8e      0x283 .\CortexM3\ARM_GCC_541\Debug\Final.a(UART_1_IntClock.o)
 .debug_info    0x00003011     0x1374 .\CortexM3\ARM_GCC_541\Debug\Final.a(CyLib.o)
 .debug_info    0x00004385      0xa2a .\CortexM3\ARM_GCC_541\Debug\Final.a(cyPm.o)
 .debug_info    0x00004daf      0x60c .\CortexM3\ARM_GCC_541\Debug\Final.a(UART_2.o)
 .debug_info    0x000053bb      0x283 .\CortexM3\ARM_GCC_541\Debug\Final.a(UART_2_IntClock.o)
 .debug_info    0x0000563e      0x60c .\CortexM3\ARM_GCC_541\Debug\Final.a(UART_3.o)
 .debug_info    0x00005c4a      0x60c .\CortexM3\ARM_GCC_541\Debug\Final.a(UART_4.o)
 .debug_info    0x00006256      0x283 .\CortexM3\ARM_GCC_541\Debug\Final.a(UART_3_IntClock.o)
 .debug_info    0x000064d9      0x283 .\CortexM3\ARM_GCC_541\Debug\Final.a(UART_4_IntClock.o)
 .debug_info    0x0000675c      0x11f .\CortexM3\ARM_GCC_541\Debug\Final.a(P_front_left.o)
 .debug_info    0x0000687b      0x11f .\CortexM3\ARM_GCC_541\Debug\Final.a(P_left_1.o)
 .debug_info    0x0000699a      0x11f .\CortexM3\ARM_GCC_541\Debug\Final.a(P_left_2.o)
 .debug_info    0x00006ab9      0x11f .\CortexM3\ARM_GCC_541\Debug\Final.a(P_right_2.o)
 .debug_info    0x00006bd8      0x11f .\CortexM3\ARM_GCC_541\Debug\Final.a(P_right_1.o)
 .debug_info    0x00006cf7      0x11f .\CortexM3\ARM_GCC_541\Debug\Final.a(P_front_right.o)
 .debug_info    0x00006e16      0x2d2 .\CortexM3\ARM_GCC_541\Debug\Final.a(front_interrupt.o)
 .debug_info    0x000070e8      0x2d2 .\CortexM3\ARM_GCC_541\Debug\Final.a(front_left_interrupt.o)
 .debug_info    0x000073ba      0x2d2 .\CortexM3\ARM_GCC_541\Debug\Final.a(front_right_interrupt.o)
 .debug_info    0x0000768c      0x2d2 .\CortexM3\ARM_GCC_541\Debug\Final.a(turn_interrupt.o)
 .debug_info    0x0000795e       0xd6 .\CortexM3\ARM_GCC_541\Debug\Final.a(MODE.o)
 .debug_info    0x00007a34       0xd6 .\CortexM3\ARM_GCC_541\Debug\Final.a(STOP.o)
 .debug_info    0x00007b0a       0xd6 .\CortexM3\ARM_GCC_541\Debug\Final.a(LED.o)
 .debug_info    0x00007be0       0x87 .\CortexM3\ARM_GCC_541\Debug\Final.a(CyBootAsmGnu.o)
 .debug_info    0x00007c67      0x64d .\CortexM3\ARM_GCC_541\Debug\Final.a(CyFlash.o)
 .debug_info    0x000082b4      0x550 .\CortexM3\ARM_GCC_541\Debug\Final.a(CySpc.o)

.debug_abbrev   0x00000000     0x27e4
 *(.debug_abbrev)
 .debug_abbrev  0x00000000      0x1b0 .\CortexM3\ARM_GCC_541\Debug\main.o
 .debug_abbrev  0x000001b0      0x20d .\CortexM3\ARM_GCC_541\Debug\cyfitter_cfg.o
 .debug_abbrev  0x000003bd       0x77 .\CortexM3\ARM_GCC_541\Debug\cymetadata.o
 .debug_abbrev  0x00000434      0x1e8 .\CortexM3\ARM_GCC_541\Debug\Cm3Start.o
 .debug_abbrev  0x0000061c      0x133 .\CortexM3\ARM_GCC_541\Debug\Final.a(PWM_1.o)
 .debug_abbrev  0x0000074f      0x175 .\CortexM3\ARM_GCC_541\Debug\Final.a(UART_1.o)
 .debug_abbrev  0x000008c4      0x133 .\CortexM3\ARM_GCC_541\Debug\Final.a(PWM.o)
 .debug_abbrev  0x000009f7      0x13a .\CortexM3\ARM_GCC_541\Debug\Final.a(Timer.o)
 .debug_abbrev  0x00000b31      0x173 .\CortexM3\ARM_GCC_541\Debug\Final.a(HE_Interrupt.o)
 .debug_abbrev  0x00000ca4      0x139 .\CortexM3\ARM_GCC_541\Debug\Final.a(UART_1_IntClock.o)
 .debug_abbrev  0x00000ddd      0x254 .\CortexM3\ARM_GCC_541\Debug\Final.a(CyLib.o)
 .debug_abbrev  0x00001031      0x1ab .\CortexM3\ARM_GCC_541\Debug\Final.a(cyPm.o)
 .debug_abbrev  0x000011dc      0x175 .\CortexM3\ARM_GCC_541\Debug\Final.a(UART_2.o)
 .debug_abbrev  0x00001351      0x139 .\CortexM3\ARM_GCC_541\Debug\Final.a(UART_2_IntClock.o)
 .debug_abbrev  0x0000148a      0x175 .\CortexM3\ARM_GCC_541\Debug\Final.a(UART_3.o)
 .debug_abbrev  0x000015ff      0x175 .\CortexM3\ARM_GCC_541\Debug\Final.a(UART_4.o)
 .debug_abbrev  0x00001774      0x139 .\CortexM3\ARM_GCC_541\Debug\Final.a(UART_3_IntClock.o)
 .debug_abbrev  0x000018ad      0x139 .\CortexM3\ARM_GCC_541\Debug\Final.a(UART_4_IntClock.o)
 .debug_abbrev  0x000019e6       0x90 .\CortexM3\ARM_GCC_541\Debug\Final.a(P_front_left.o)
 .debug_abbrev  0x00001a76       0x90 .\CortexM3\ARM_GCC_541\Debug\Final.a(P_left_1.o)
 .debug_abbrev  0x00001b06       0x90 .\CortexM3\ARM_GCC_541\Debug\Final.a(P_left_2.o)
 .debug_abbrev  0x00001b96       0x90 .\CortexM3\ARM_GCC_541\Debug\Final.a(P_right_2.o)
 .debug_abbrev  0x00001c26       0x90 .\CortexM3\ARM_GCC_541\Debug\Final.a(P_right_1.o)
 .debug_abbrev  0x00001cb6       0x90 .\CortexM3\ARM_GCC_541\Debug\Final.a(P_front_right.o)
 .debug_abbrev  0x00001d46      0x173 .\CortexM3\ARM_GCC_541\Debug\Final.a(front_interrupt.o)
 .debug_abbrev  0x00001eb9      0x173 .\CortexM3\ARM_GCC_541\Debug\Final.a(front_left_interrupt.o)
 .debug_abbrev  0x0000202c      0x173 .\CortexM3\ARM_GCC_541\Debug\Final.a(front_right_interrupt.o)
 .debug_abbrev  0x0000219f      0x173 .\CortexM3\ARM_GCC_541\Debug\Final.a(turn_interrupt.o)
 .debug_abbrev  0x00002312       0x81 .\CortexM3\ARM_GCC_541\Debug\Final.a(MODE.o)
 .debug_abbrev  0x00002393       0x81 .\CortexM3\ARM_GCC_541\Debug\Final.a(STOP.o)
 .debug_abbrev  0x00002414       0x81 .\CortexM3\ARM_GCC_541\Debug\Final.a(LED.o)
 .debug_abbrev  0x00002495       0x14 .\CortexM3\ARM_GCC_541\Debug\Final.a(CyBootAsmGnu.o)
 .debug_abbrev  0x000024a9      0x1a7 .\CortexM3\ARM_GCC_541\Debug\Final.a(CyFlash.o)
 .debug_abbrev  0x00002650      0x194 .\CortexM3\ARM_GCC_541\Debug\Final.a(CySpc.o)

.debug_line     0x00000000     0x3b8c
 *(.debug_line)
 .debug_line    0x00000000      0x536 .\CortexM3\ARM_GCC_541\Debug\main.o
 .debug_line    0x00000536      0x203 .\CortexM3\ARM_GCC_541\Debug\cyfitter_cfg.o
 .debug_line    0x00000739      0x141 .\CortexM3\ARM_GCC_541\Debug\cymetadata.o
 .debug_line    0x0000087a      0x234 .\CortexM3\ARM_GCC_541\Debug\Cm3Start.o
 .debug_line    0x00000aae      0x185 .\CortexM3\ARM_GCC_541\Debug\Final.a(PWM_1.o)
 .debug_line    0x00000c33      0x2c0 .\CortexM3\ARM_GCC_541\Debug\Final.a(UART_1.o)
 .debug_line    0x00000ef3      0x183 .\CortexM3\ARM_GCC_541\Debug\Final.a(PWM.o)
 .debug_line    0x00001076      0x182 .\CortexM3\ARM_GCC_541\Debug\Final.a(Timer.o)
 .debug_line    0x000011f8      0x139 .\CortexM3\ARM_GCC_541\Debug\Final.a(HE_Interrupt.o)
 .debug_line    0x00001331      0x17e .\CortexM3\ARM_GCC_541\Debug\Final.a(UART_1_IntClock.o)
 .debug_line    0x000014af      0x816 .\CortexM3\ARM_GCC_541\Debug\Final.a(CyLib.o)
 .debug_line    0x00001cc5      0x367 .\CortexM3\ARM_GCC_541\Debug\Final.a(cyPm.o)
 .debug_line    0x0000202c      0x2c0 .\CortexM3\ARM_GCC_541\Debug\Final.a(UART_2.o)
 .debug_line    0x000022ec      0x17e .\CortexM3\ARM_GCC_541\Debug\Final.a(UART_2_IntClock.o)
 .debug_line    0x0000246a      0x2c0 .\CortexM3\ARM_GCC_541\Debug\Final.a(UART_3.o)
 .debug_line    0x0000272a      0x2c0 .\CortexM3\ARM_GCC_541\Debug\Final.a(UART_4.o)
 .debug_line    0x000029ea      0x17e .\CortexM3\ARM_GCC_541\Debug\Final.a(UART_3_IntClock.o)
 .debug_line    0x00002b68      0x17e .\CortexM3\ARM_GCC_541\Debug\Final.a(UART_4_IntClock.o)
 .debug_line    0x00002ce6       0x99 .\CortexM3\ARM_GCC_541\Debug\Final.a(P_front_left.o)
 .debug_line    0x00002d7f       0x95 .\CortexM3\ARM_GCC_541\Debug\Final.a(P_left_1.o)
 .debug_line    0x00002e14       0x95 .\CortexM3\ARM_GCC_541\Debug\Final.a(P_left_2.o)
 .debug_line    0x00002ea9       0x96 .\CortexM3\ARM_GCC_541\Debug\Final.a(P_right_2.o)
 .debug_line    0x00002f3f       0x96 .\CortexM3\ARM_GCC_541\Debug\Final.a(P_right_1.o)
 .debug_line    0x00002fd5       0x9a .\CortexM3\ARM_GCC_541\Debug\Final.a(P_front_right.o)
 .debug_line    0x0000306f      0x13c .\CortexM3\ARM_GCC_541\Debug\Final.a(front_interrupt.o)
 .debug_line    0x000031ab      0x141 .\CortexM3\ARM_GCC_541\Debug\Final.a(front_left_interrupt.o)
 .debug_line    0x000032ec      0x142 .\CortexM3\ARM_GCC_541\Debug\Final.a(front_right_interrupt.o)
 .debug_line    0x0000342e      0x13b .\CortexM3\ARM_GCC_541\Debug\Final.a(turn_interrupt.o)
 .debug_line    0x00003569       0x6c .\CortexM3\ARM_GCC_541\Debug\Final.a(MODE.o)
 .debug_line    0x000035d5       0x6c .\CortexM3\ARM_GCC_541\Debug\Final.a(STOP.o)
 .debug_line    0x00003641       0x6b .\CortexM3\ARM_GCC_541\Debug\Final.a(LED.o)
 .debug_line    0x000036ac       0x66 .\CortexM3\ARM_GCC_541\Debug\Final.a(CyBootAsmGnu.o)
 .debug_line    0x00003712      0x21a .\CortexM3\ARM_GCC_541\Debug\Final.a(CyFlash.o)
 .debug_line    0x0000392c      0x260 .\CortexM3\ARM_GCC_541\Debug\Final.a(CySpc.o)

.debug_frame    0x00000000     0x3110
 *(.debug_frame)
 .debug_frame   0x00000000       0xdc .\CortexM3\ARM_GCC_541\Debug\main.o
 .debug_frame   0x000000dc       0xe4 .\CortexM3\ARM_GCC_541\Debug\cyfitter_cfg.o
 .debug_frame   0x000001c0       0xb8 .\CortexM3\ARM_GCC_541\Debug\Cm3Start.o
 .debug_frame   0x00000278      0x134 .\CortexM3\ARM_GCC_541\Debug\Final.a(PWM_1.o)
 .debug_frame   0x000003ac      0x250 .\CortexM3\ARM_GCC_541\Debug\Final.a(UART_1.o)
 .debug_frame   0x000005fc      0x134 .\CortexM3\ARM_GCC_541\Debug\Final.a(PWM.o)
 .debug_frame   0x00000730      0x134 .\CortexM3\ARM_GCC_541\Debug\Final.a(Timer.o)
 .debug_frame   0x00000864      0x104 .\CortexM3\ARM_GCC_541\Debug\Final.a(HE_Interrupt.o)
 .debug_frame   0x00000968       0xe0 .\CortexM3\ARM_GCC_541\Debug\Final.a(UART_1_IntClock.o)
 .debug_frame   0x00000a48      0x738 .\CortexM3\ARM_GCC_541\Debug\Final.a(CyLib.o)
 .debug_frame   0x00001180      0x1f8 .\CortexM3\ARM_GCC_541\Debug\Final.a(cyPm.o)
 .debug_frame   0x00001378      0x250 .\CortexM3\ARM_GCC_541\Debug\Final.a(UART_2.o)
 .debug_frame   0x000015c8       0xe0 .\CortexM3\ARM_GCC_541\Debug\Final.a(UART_2_IntClock.o)
 .debug_frame   0x000016a8      0x250 .\CortexM3\ARM_GCC_541\Debug\Final.a(UART_3.o)
 .debug_frame   0x000018f8      0x250 .\CortexM3\ARM_GCC_541\Debug\Final.a(UART_4.o)
 .debug_frame   0x00001b48       0xe0 .\CortexM3\ARM_GCC_541\Debug\Final.a(UART_3_IntClock.o)
 .debug_frame   0x00001c28       0xe0 .\CortexM3\ARM_GCC_541\Debug\Final.a(UART_4_IntClock.o)
 .debug_frame   0x00001d08       0x50 .\CortexM3\ARM_GCC_541\Debug\Final.a(P_front_left.o)
 .debug_frame   0x00001d58       0x50 .\CortexM3\ARM_GCC_541\Debug\Final.a(P_left_1.o)
 .debug_frame   0x00001da8       0x50 .\CortexM3\ARM_GCC_541\Debug\Final.a(P_left_2.o)
 .debug_frame   0x00001df8       0x50 .\CortexM3\ARM_GCC_541\Debug\Final.a(P_right_2.o)
 .debug_frame   0x00001e48       0x50 .\CortexM3\ARM_GCC_541\Debug\Final.a(P_right_1.o)
 .debug_frame   0x00001e98       0x50 .\CortexM3\ARM_GCC_541\Debug\Final.a(P_front_right.o)
 .debug_frame   0x00001ee8      0x104 .\CortexM3\ARM_GCC_541\Debug\Final.a(front_interrupt.o)
 .debug_frame   0x00001fec      0x104 .\CortexM3\ARM_GCC_541\Debug\Final.a(front_left_interrupt.o)
 .debug_frame   0x000020f0      0x104 .\CortexM3\ARM_GCC_541\Debug\Final.a(front_right_interrupt.o)
 .debug_frame   0x000021f4      0x104 .\CortexM3\ARM_GCC_541\Debug\Final.a(turn_interrupt.o)
 .debug_frame   0x000022f8       0x30 .\CortexM3\ARM_GCC_541\Debug\Final.a(MODE.o)
 .debug_frame   0x00002328       0x30 .\CortexM3\ARM_GCC_541\Debug\Final.a(STOP.o)
 .debug_frame   0x00002358       0x30 .\CortexM3\ARM_GCC_541\Debug\Final.a(LED.o)
 .debug_frame   0x00002388      0x194 .\CortexM3\ARM_GCC_541\Debug\Final.a(CyFlash.o)
 .debug_frame   0x0000251c      0x180 .\CortexM3\ARM_GCC_541\Debug\Final.a(CySpc.o)
 .debug_frame   0x0000269c       0x20 c:/program files (x86)/cypress/psoc creator/4.4/psoc creator/import/gnu/arm/5.4.1/bin/../lib/gcc/arm-none-eabi/5.4.1/../../../../arm-none-eabi/lib/armv7-m\libg_nano.a(lib_a-atof.o)
 .debug_frame   0x000026bc       0x30 c:/program files (x86)/cypress/psoc creator/4.4/psoc creator/import/gnu/arm/5.4.1/bin/../lib/gcc/arm-none-eabi/5.4.1/../../../../arm-none-eabi/lib/armv7-m\libg_nano.a(lib_a-atoi.o)
 .debug_frame   0x000026ec       0x20 c:/program files (x86)/cypress/psoc creator/4.4/psoc creator/import/gnu/arm/5.4.1/bin/../lib/gcc/arm-none-eabi/5.4.1/../../../../arm-none-eabi/lib/armv7-m\libg_nano.a(lib_a-errno.o)
 .debug_frame   0x0000270c       0x28 c:/program files (x86)/cypress/psoc creator/4.4/psoc creator/import/gnu/arm/5.4.1/bin/../lib/gcc/arm-none-eabi/5.4.1/../../../../arm-none-eabi/lib/armv7-m\libg_nano.a(lib_a-exit.o)
 .debug_frame   0x00002734       0x2c c:/program files (x86)/cypress/psoc creator/4.4/psoc creator/import/gnu/arm/5.4.1/bin/../lib/gcc/arm-none-eabi/5.4.1/../../../../arm-none-eabi/lib/armv7-m\libg_nano.a(lib_a-init.o)
 .debug_frame   0x00002760       0x28 c:/program files (x86)/cypress/psoc creator/4.4/psoc creator/import/gnu/arm/5.4.1/bin/../lib/gcc/arm-none-eabi/5.4.1/../../../../arm-none-eabi/lib/armv7-m\libg_nano.a(lib_a-memcpy-stub.o)
 .debug_frame   0x00002788       0x20 c:/program files (x86)/cypress/psoc creator/4.4/psoc creator/import/gnu/arm/5.4.1/bin/../lib/gcc/arm-none-eabi/5.4.1/../../../../arm-none-eabi/lib/armv7-m\libg_nano.a(lib_a-memset.o)
 .debug_frame   0x000027a8       0x44 c:/program files (x86)/cypress/psoc creator/4.4/psoc creator/import/gnu/arm/5.4.1/bin/../lib/gcc/arm-none-eabi/5.4.1/../../../../arm-none-eabi/lib/armv7-m\libg_nano.a(lib_a-rand.o)
 .debug_frame   0x000027ec       0x70 c:/program files (x86)/cypress/psoc creator/4.4/psoc creator/import/gnu/arm/5.4.1/bin/../lib/gcc/arm-none-eabi/5.4.1/../../../../arm-none-eabi/lib/armv7-m\libg_nano.a(lib_a-sprintf.o)
 .debug_frame   0x0000285c       0x20 c:/program files (x86)/cypress/psoc creator/4.4/psoc creator/import/gnu/arm/5.4.1/bin/../lib/gcc/arm-none-eabi/5.4.1/../../../../arm-none-eabi/lib/armv7-m\libg_nano.a(lib_a-strcmp.o)
 .debug_frame   0x0000287c       0x2c c:/program files (x86)/cypress/psoc creator/4.4/psoc creator/import/gnu/arm/5.4.1/bin/../lib/gcc/arm-none-eabi/5.4.1/../../../../arm-none-eabi/lib/armv7-m\libg_nano.a(lib_a-strncmp.o)
 .debug_frame   0x000028a8       0x30 c:/program files (x86)/cypress/psoc creator/4.4/psoc creator/import/gnu/arm/5.4.1/bin/../lib/gcc/arm-none-eabi/5.4.1/../../../../arm-none-eabi/lib/armv7-m\libg_nano.a(lib_a-strstr.o)
 .debug_frame   0x000028d8       0x98 c:/program files (x86)/cypress/psoc creator/4.4/psoc creator/import/gnu/arm/5.4.1/bin/../lib/gcc/arm-none-eabi/5.4.1/../../../../arm-none-eabi/lib/armv7-m\libg_nano.a(lib_a-strtod.o)
 .debug_frame   0x00002970       0x44 c:/program files (x86)/cypress/psoc creator/4.4/psoc creator/import/gnu/arm/5.4.1/bin/../lib/gcc/arm-none-eabi/5.4.1/../../../../arm-none-eabi/lib/armv7-m\libg_nano.a(lib_a-strtol.o)
 .debug_frame   0x000029b4       0x2c c:/program files (x86)/cypress/psoc creator/4.4/psoc creator/import/gnu/arm/5.4.1/bin/../lib/gcc/arm-none-eabi/5.4.1/../../../../arm-none-eabi/lib/armv7-m\libg_nano.a(lib_a-time.o)
 .debug_frame   0x000029e0       0x70 c:/program files (x86)/cypress/psoc creator/4.4/psoc creator/import/gnu/arm/5.4.1/bin/../lib/gcc/arm-none-eabi/5.4.1/../../../../arm-none-eabi/lib/armv7-m\libg_nano.a(lib_a-gdtoa-gethex.o)
 .debug_frame   0x00002a50       0x74 c:/program files (x86)/cypress/psoc creator/4.4/psoc creator/import/gnu/arm/5.4.1/bin/../lib/gcc/arm-none-eabi/5.4.1/../../../../arm-none-eabi/lib/armv7-m\libg_nano.a(lib_a-gdtoa-hexnan.o)
 .debug_frame   0x00002ac4       0x2c c:/program files (x86)/cypress/psoc creator/4.4/psoc creator/import/gnu/arm/5.4.1/bin/../lib/gcc/arm-none-eabi/5.4.1/../../../../arm-none-eabi/lib/armv7-m\libg_nano.a(lib_a-gettimeofdayr.o)
 .debug_frame   0x00002af0       0x98 c:/program files (x86)/cypress/psoc creator/4.4/psoc creator/import/gnu/arm/5.4.1/bin/../lib/gcc/arm-none-eabi/5.4.1/../../../../arm-none-eabi/lib/armv7-m\libg_nano.a(lib_a-locale.o)
 .debug_frame   0x00002b88       0x30 c:/program files (x86)/cypress/psoc creator/4.4/psoc creator/import/gnu/arm/5.4.1/bin/../lib/gcc/arm-none-eabi/5.4.1/../../../../arm-none-eabi/lib/armv7-m\libg_nano.a(lib_a-malloc.o)
 .debug_frame   0x00002bb8      0x234 c:/program files (x86)/cypress/psoc creator/4.4/psoc creator/import/gnu/arm/5.4.1/bin/../lib/gcc/arm-none-eabi/5.4.1/../../../../arm-none-eabi/lib/armv7-m\libg_nano.a(lib_a-mprec.o)
 .debug_frame   0x00002dec       0x2c c:/program files (x86)/cypress/psoc creator/4.4/psoc creator/import/gnu/arm/5.4.1/bin/../lib/gcc/arm-none-eabi/5.4.1/../../../../arm-none-eabi/lib/armv7-m\libg_nano.a(lib_a-nano-callocr.o)
 .debug_frame   0x00002e18       0x38 c:/program files (x86)/cypress/psoc creator/4.4/psoc creator/import/gnu/arm/5.4.1/bin/../lib/gcc/arm-none-eabi/5.4.1/../../../../arm-none-eabi/lib/armv7-m\libg_nano.a(lib_a-nano-freer.o)
 .debug_frame   0x00002e50       0x2c c:/program files (x86)/cypress/psoc creator/4.4/psoc creator/import/gnu/arm/5.4.1/bin/../lib/gcc/arm-none-eabi/5.4.1/../../../../arm-none-eabi/lib/armv7-m\libg_nano.a(lib_a-nano-mallocr.o)
 .debug_frame   0x00002e7c       0x90 c:/program files (x86)/cypress/psoc creator/4.4/psoc creator/import/gnu/arm/5.4.1/bin/../lib/gcc/arm-none-eabi/5.4.1/../../../../arm-none-eabi/lib/armv7-m\libg_nano.a(lib_a-nano-svfprintf.o)
 .debug_frame   0x00002f0c       0x60 c:/program files (x86)/cypress/psoc creator/4.4/psoc creator/import/gnu/arm/5.4.1/bin/../lib/gcc/arm-none-eabi/5.4.1/../../../../arm-none-eabi/lib/armv7-m\libg_nano.a(lib_a-nano-vfprintf_i.o)
 .debug_frame   0x00002f6c       0x5c c:/program files (x86)/cypress/psoc creator/4.4/psoc creator/import/gnu/arm/5.4.1/bin/../lib/gcc/arm-none-eabi/5.4.1/../../../../arm-none-eabi/lib/armv7-m\libg_nano.a(lib_a-reent.o)
 .debug_frame   0x00002fc8       0x2c c:/program files (x86)/cypress/psoc creator/4.4/psoc creator/import/gnu/arm/5.4.1/bin/../lib/gcc/arm-none-eabi/5.4.1/../../../../arm-none-eabi/lib/armv7-m\libg_nano.a(lib_a-sbrkr.o)
 .debug_frame   0x00002ff4       0x20 c:/program files (x86)/cypress/psoc creator/4.4/psoc creator/import/gnu/arm/5.4.1/bin/../lib/gcc/arm-none-eabi/5.4.1/../../../../arm-none-eabi/lib/armv7-m\libg_nano.a(lib_a-sf_nan.o)
 .debug_frame   0x00003014       0x28 c:/program files (x86)/cypress/psoc creator/4.4/psoc creator/import/gnu/arm/5.4.1/bin/../lib/gcc/arm-none-eabi/5.4.1/../../../../arm-none-eabi/lib/armv7-m\libg_nano.a(lib_a-memchr-stub.o)
 .debug_frame   0x0000303c       0x28 c:/program files (x86)/cypress/psoc creator/4.4/psoc creator/import/gnu/arm/5.4.1/bin/../lib/gcc/arm-none-eabi/5.4.1/../../../../arm-none-eabi/lib/armv7-m\libg_nano.a(lib_a-memmove.o)
 .debug_frame   0x00003064       0x30 c:/program files (x86)/cypress/psoc creator/4.4/psoc creator/import/gnu/arm/5.4.1/bin/../lib/gcc/arm-none-eabi/5.4.1/../../../../arm-none-eabi/lib/armv7-m\libg_nano.a(lib_a-mlock.o)
 .debug_frame   0x00003094       0x3c c:/program files (x86)/cypress/psoc creator/4.4/psoc creator/import/gnu/arm/5.4.1/bin/../lib/gcc/arm-none-eabi/5.4.1/../../../../arm-none-eabi/lib/armv7-m\libg_nano.a(lib_a-nano-reallocr.o)
 .debug_frame   0x000030d0       0x20 c:/program files (x86)/cypress/psoc creator/4.4/psoc creator/import/gnu/arm/5.4.1/bin/../lib/gcc/arm-none-eabi/5.4.1/../../../../arm-none-eabi/lib/armv7-m\libg_nano.a(lib_a-nano-msizer.o)
 .debug_frame   0x000030f0       0x20 c:/program files (x86)/cypress/psoc creator/4.4/psoc creator/import/gnu/arm/5.4.1/bin/../lib/gcc/arm-none-eabi/5.4.1/../../../../arm-none-eabi/lib/armv7-m\libnosys.a(gettod.o)

.debug_str      0x00000000     0x332e
 *(.debug_str)
 .debug_str     0x00000000      0x59e .\CortexM3\ARM_GCC_541\Debug\main.o
                                0x5f0 (size before relaxing)
 .debug_str     0x0000059e      0x1af .\CortexM3\ARM_GCC_541\Debug\cyfitter_cfg.o
                                0x33b (size before relaxing)
 .debug_str     0x0000074d       0x7f .\CortexM3\ARM_GCC_541\Debug\cymetadata.o
                                0x1db (size before relaxing)
 .debug_str     0x000007cc      0x144 .\CortexM3\ARM_GCC_541\Debug\Cm3Start.o
                                0x301 (size before relaxing)
 .debug_str     0x00000910      0x1ac .\CortexM3\ARM_GCC_541\Debug\Final.a(PWM_1.o)
                                0x348 (size before relaxing)
 .debug_str     0x00000abc      0x299 .\CortexM3\ARM_GCC_541\Debug\Final.a(UART_1.o)
                                0x4aa (size before relaxing)
 .debug_str     0x00000d55      0x124 .\CortexM3\ARM_GCC_541\Debug\Final.a(PWM.o)
                                0x322 (size before relaxing)
 .debug_str     0x00000e79      0x146 .\CortexM3\ARM_GCC_541\Debug\Final.a(Timer.o)
                                0x359 (size before relaxing)
 .debug_str     0x00000fbf      0x136 .\CortexM3\ARM_GCC_541\Debug\Final.a(HE_Interrupt.o)
                                0x2ff (size before relaxing)
 .debug_str     0x000010f5      0x19d .\CortexM3\ARM_GCC_541\Debug\Final.a(UART_1_IntClock.o)
                                0x345 (size before relaxing)
 .debug_str     0x00001292      0x7f2 .\CortexM3\ARM_GCC_541\Debug\Final.a(CyLib.o)
                                0xa3e (size before relaxing)
 .debug_str     0x00001a84      0x365 .\CortexM3\ARM_GCC_541\Debug\Final.a(cyPm.o)
                                0x72a (size before relaxing)
 .debug_str     0x00001de9      0x232 .\CortexM3\ARM_GCC_541\Debug\Final.a(UART_2.o)
                                0x4aa (size before relaxing)
 .debug_str     0x0000201b      0x14c .\CortexM3\ARM_GCC_541\Debug\Final.a(UART_2_IntClock.o)
                                0x345 (size before relaxing)
 .debug_str     0x00002167      0x232 .\CortexM3\ARM_GCC_541\Debug\Final.a(UART_3.o)
                                0x4aa (size before relaxing)
 .debug_str     0x00002399      0x232 .\CortexM3\ARM_GCC_541\Debug\Final.a(UART_4.o)
                                0x4aa (size before relaxing)
 .debug_str     0x000025cb      0x14c .\CortexM3\ARM_GCC_541\Debug\Final.a(UART_3_IntClock.o)
                                0x345 (size before relaxing)
 .debug_str     0x00002717      0x14c .\CortexM3\ARM_GCC_541\Debug\Final.a(UART_4_IntClock.o)
                                0x345 (size before relaxing)
 .debug_str     0x00002863       0x77 .\CortexM3\ARM_GCC_541\Debug\Final.a(P_front_left.o)
                                0x1fc (size before relaxing)
 .debug_str     0x000028da       0x5c .\CortexM3\ARM_GCC_541\Debug\Final.a(P_left_1.o)
                                0x1e8 (size before relaxing)
 .debug_str     0x00002936       0x5c .\CortexM3\ARM_GCC_541\Debug\Final.a(P_left_2.o)
                                0x1e8 (size before relaxing)
 .debug_str     0x00002992       0x60 .\CortexM3\ARM_GCC_541\Debug\Final.a(P_right_2.o)
                                0x1ed (size before relaxing)
 .debug_str     0x000029f2       0x60 .\CortexM3\ARM_GCC_541\Debug\Final.a(P_right_1.o)
                                0x1ed (size before relaxing)
 .debug_str     0x00002a52       0x70 .\CortexM3\ARM_GCC_541\Debug\Final.a(P_front_right.o)
                                0x201 (size before relaxing)
 .debug_str     0x00002ac2      0x142 .\CortexM3\ARM_GCC_541\Debug\Final.a(front_interrupt.o)
                                0x329 (size before relaxing)
 .debug_str     0x00002c04      0x17e .\CortexM3\ARM_GCC_541\Debug\Final.a(front_left_interrupt.o)
                                0x36f (size before relaxing)
 .debug_str     0x00002d82      0x18a .\CortexM3\ARM_GCC_541\Debug\Final.a(front_right_interrupt.o)
                                0x37d (size before relaxing)
 .debug_str     0x00002f0c      0x14f .\CortexM3\ARM_GCC_541\Debug\Final.a(turn_interrupt.o)
                                0x31b (size before relaxing)
 .debug_str     0x0000305b       0x1e .\CortexM3\ARM_GCC_541\Debug\Final.a(MODE.o)
                                0x1a3 (size before relaxing)
 .debug_str     0x00003079       0x28 .\CortexM3\ARM_GCC_541\Debug\Final.a(STOP.o)
                                0x1a3 (size before relaxing)
 .debug_str     0x000030a1       0x26 .\CortexM3\ARM_GCC_541\Debug\Final.a(LED.o)
                                0x1a0 (size before relaxing)
 .debug_str     0x000030c7      0x1bb .\CortexM3\ARM_GCC_541\Debug\Final.a(CyFlash.o)
                                0x3b7 (size before relaxing)
 .debug_str     0x00003282       0xac .\CortexM3\ARM_GCC_541\Debug\Final.a(CySpc.o)
                                0x32f (size before relaxing)

.debug_loc      0x00000000     0x2d9a
 *(.debug_loc)
 .debug_loc     0x00000000      0x195 .\CortexM3\ARM_GCC_541\Debug\main.o
 .debug_loc     0x00000195      0x25a .\CortexM3\ARM_GCC_541\Debug\cyfitter_cfg.o
 .debug_loc     0x000003ef      0x144 .\CortexM3\ARM_GCC_541\Debug\Cm3Start.o
 .debug_loc     0x00000533       0x26 .\CortexM3\ARM_GCC_541\Debug\Final.a(PWM_1.o)
 .debug_loc     0x00000559      0x258 .\CortexM3\ARM_GCC_541\Debug\Final.a(UART_1.o)
 .debug_loc     0x000007b1       0x26 .\CortexM3\ARM_GCC_541\Debug\Final.a(PWM.o)